../source/freetype/freetype_src/gzip/inffast.c:50:20:inflate_fast	104	static
../source/freetype/freetype_src/gzip/inflate.c:97:11:inflateStateCheck	24	static
../source/freetype/freetype_src/gzip/inflate.c:109:13:inflateResetKeep	24	static
../source/freetype/freetype_src/gzip/inflate.c:133:13:inflateReset	24	static
../source/freetype/freetype_src/gzip/inflate.c:144:13:inflateReset2	24	static
../source/freetype/freetype_src/gzip/inflate.c:181:13:inflateInit2_	32	static
../source/freetype/freetype_src/gzip/inflate.c:259:12:fixedtables	16	static
../source/freetype/freetype_src/gzip/inflate.c:375:11:updatewindow	32	static
../source/freetype/freetype_src/gzip/inflate.c:597:13:inflate	96	static
../source/freetype/freetype_src/gzip/inflate.c:1273:13:inflateEnd	24	static
../source/freetype/freetype_src/gzip/inftrees.c:32:19:inflate_table	168	static
../source/freetype/freetype_src/gzip/adler32.c:61:15:adler32_z	32	static
../source/freetype/freetype_src/gzip/adler32.c:128:15:adler32	24	static
../source/freetype/freetype_src/gzip/crc32.c:702:23:crc32_z	24	static
../source/freetype/freetype_src/gzip/crc32.c:1023:23:crc32	24	static
../source/freetype/freetype_src/gzip/ftgzip.c:130:3:ft_gzip_alloc	40	static
../source/freetype/freetype_src/gzip/ftgzip.c:147:3:ft_gzip_free	24	static
../source/freetype/freetype_src/gzip/ftgzip.c:195:3:ft_gzip_check_header	40	static
../source/freetype/freetype_src/gzip/ftgzip.c:269:3:ft_gzip_file_init	32	static
../source/freetype/freetype_src/gzip/ftgzip.c:314:3:ft_gzip_file_done	24	static
../source/freetype/freetype_src/gzip/ftgzip.c:337:3:ft_gzip_file_reset	32	static
../source/freetype/freetype_src/gzip/ftgzip.c:365:3:ft_gzip_file_fill_input	40	static
../source/freetype/freetype_src/gzip/ftgzip.c:406:3:ft_gzip_file_fill_output	32	static
../source/freetype/freetype_src/gzip/ftgzip.c:451:3:ft_gzip_file_skip_output	24	static
../source/freetype/freetype_src/gzip/ftgzip.c:482:3:ft_gzip_file_io	40	static
../source/freetype/freetype_src/gzip/ftgzip.c:550:3:ft_gzip_stream_close	24	static
../source/freetype/freetype_src/gzip/ftgzip.c:572:3:ft_gzip_stream_io	32	static
../source/freetype/freetype_src/gzip/ftgzip.c:585:3:ft_gzip_get_uncompressed_size	32	static
../source/freetype/freetype_src/gzip/ftgzip.c:609:3:FT_Stream_OpenGzip	40	static
../source/freetype/freetype_src/gzip/ftgzip.c:712:3:FT_Gzip_Uncompress	88	static
