../source/freetype/freetype_src/gzip/inflate.c:97:11:inflateStateCheck	24	static
../source/freetype/freetype_src/gzip/inflate.c:109:13:inflateResetKeep	24	static
../source/freetype/freetype_src/gzip/inflate.c:133:13:inflateReset	24	static
../source/freetype/freetype_src/gzip/inflate.c:144:13:inflateReset2	24	static
../source/freetype/freetype_src/gzip/inflate.c:181:13:inflateInit2_	32	static
../source/freetype/freetype_src/gzip/inflate.c:223:13:inflateInit_	24	static
../source/freetype/freetype_src/gzip/inflate.c:228:13:inflatePrime	32	static
../source/freetype/freetype_src/gzip/inflate.c:259:12:fixedtables	16	static
../source/freetype/freetype_src/gzip/inflate.c:375:11:updatewindow	32	static
../source/freetype/freetype_src/gzip/inflate.c:597:13:inflate	96	static
../source/freetype/freetype_src/gzip/inflate.c:1273:13:inflateEnd	24	static
../source/freetype/freetype_src/gzip/inflate.c:1287:13:inflateGetDictionary	32	static
../source/freetype/freetype_src/gzip/inflate.c:1307:13:inflateSetDictionary	40	static
../source/freetype/freetype_src/gzip/inflate.c:1339:13:inflateGetHeader	24	static
../source/freetype/freetype_src/gzip/inflate.c:1364:16:syncsearch	32	static
../source/freetype/freetype_src/gzip/inflate.c:1384:13:inflateSync	40	static
../source/freetype/freetype_src/gzip/inflate.c:1440:13:inflateSyncPoint	24	static
../source/freetype/freetype_src/gzip/inflate.c:1448:13:inflateCopy	32	static
../source/freetype/freetype_src/gzip/inflate.c:1492:13:inflateUndermine	24	static
../source/freetype/freetype_src/gzip/inflate.c:1507:13:inflateValidate	24	static
../source/freetype/freetype_src/gzip/inflate.c:1519:14:inflateMark	24	static
../source/freetype/freetype_src/gzip/inflate.c:1530:23:inflateCodesUsed	24	static
