../source/freetype/freetype_src/tools/vms_shorten_symbol.c:65:1:crc32	24	static
../source/freetype/freetype_src/tools/vms_shorten_symbol.c:141:1:u32_to_base32	24	static
../source/freetype/freetype_src/tools/vms_shorten_symbol.c:176:1:vms_shorten_symbol	56	static
../source/freetype/freetype_src/tools/apinames.c:48:1:panic	16	static
../source/freetype/freetype_src/tools/apinames.c:80:1:names_add	48	static
../source/freetype/freetype_src/tools/apinames.c:142:1:name_compare	24	static
../source/freetype/freetype_src/tools/apinames.c:153:1:names_sort	8	static
../source/freetype/freetype_src/tools/apinames.c:161:1:names_dump	560	static
../source/freetype/freetype_src/tools/apinames.c:292:1:read_header_file	40	static
../source/freetype/freetype_src/tools/apinames.c:387:1:usage	16	static
../source/freetype/freetype_src/tools/apinames.c:421:1:main	48	static
