../source/freetype/freetype_src/type1/../../freetype_include/freetype/internal/../internal/ftcalc.h:91:3:FT_MulFix_64	56	static
../source/freetype/freetype_src/type1/t1afm.c:39:3:T1_Done_Metrics	16	static
../source/freetype/freetype_src/type1/t1afm.c:54:3:t1_get_index	40	static
../source/freetype/freetype_src/type1/t1afm.c:87:3:compare_kern_pairs	32	static
../source/freetype/freetype_src/type1/t1afm.c:108:3:T1_Read_PFM	72	static
../source/freetype/freetype_src/type1/t1afm.c:229:3:T1_Read_Metrics	72	static
../source/freetype/freetype_src/type1/t1afm.c:328:3:T1_Get_Kerning	48	static
../source/freetype/freetype_src/type1/t1afm.c:369:3:T1_Get_Track_Kerning	40	static
../source/freetype/freetype_src/type1/t1driver.c:59:3:t1_get_glyph_name	32	static
../source/freetype/freetype_src/type1/t1driver.c:74:3:t1_get_name_index	32	static
../source/freetype/freetype_src/type1/t1driver.c:107:3:t1_get_ps_name	24	static
../source/freetype/freetype_src/type1/t1driver.c:162:3:t1_ps_get_font_info	24	static
../source/freetype/freetype_src/type1/t1driver.c:172:3:t1_ps_get_font_extra	16	static
../source/freetype/freetype_src/type1/t1driver.c:182:3:t1_ps_has_glyph_names	16	static
../source/freetype/freetype_src/type1/t1driver.c:191:3:t1_ps_get_font_private	16	static
../source/freetype/freetype_src/type1/t1driver.c:201:3:t1_ps_get_font_value	56	static
../source/freetype/freetype_src/type1/t1driver.c:686:3:Get_Interface	16	static
../source/freetype/freetype_src/type1/t1driver.c:734:3:Get_Kerning	32	static
../source/freetype/freetype_src/type1/t1gload.c:42:3:T1_Parse_Glyph_And_Get_Char_String	1376	static
../source/freetype/freetype_src/type1/t1gload.c:173:3:T1_Parse_Glyph	40	static
../source/freetype/freetype_src/type1/t1gload.c:220:3:T1_Compute_Max_Advance	1576	static
../source/freetype/freetype_src/type1/t1gload.c:284:3:T1_Get_Advances	1592	static
../source/freetype/freetype_src/type1/t1gload.c:355:3:T1_Load_Glyph	1696	static
../source/freetype/freetype_src/type1/t1load.c:105:3:t1_allocate_blend	48	static
../source/freetype/freetype_src/type1/t1load.c:178:3:T1_Get_Multi_Master	40	static
../source/freetype/freetype_src/type1/t1load.c:218:3:mm_axis_unmap	40	static
../source/freetype/freetype_src/type1/t1load.c:248:3:mm_weights_unmap	24	static
../source/freetype/freetype_src/type1/t1load.c:290:3:T1_Get_MM_Var	136	static
../source/freetype/freetype_src/type1/t1load.c:383:3:t1_set_mm_blend	48	static
../source/freetype/freetype_src/type1/t1load.c:444:3:T1_Set_MM_Blend	24	static
../source/freetype/freetype_src/type1/t1load.c:453:3:T1_Get_MM_Blend	56	static
../source/freetype/freetype_src/type1/t1load.c:489:3:T1_Set_MM_WeightVector	40	static
../source/freetype/freetype_src/type1/t1load.c:525:3:T1_Get_MM_WeightVector	40	static
../source/freetype/freetype_src/type1/t1load.c:555:3:T1_Set_MM_Design	152	static
../source/freetype/freetype_src/type1/t1load.c:638:3:T1_Reset_MM_Blend	16	static
../source/freetype/freetype_src/type1/t1load.c:653:3:T1_Set_Var_Design	48	static
../source/freetype/freetype_src/type1/t1load.c:672:3:T1_Get_Var_Design	64	static
../source/freetype/freetype_src/type1/t1load.c:709:3:T1_Done_Blend	48	static
../source/freetype/freetype_src/type1/t1load.c:765:3:parse_blend_axis_types	112	static
../source/freetype/freetype_src/type1/t1load.c:848:3:parse_blend_design_positions	400	static
../source/freetype/freetype_src/type1/t1load.c:974:3:parse_blend_design_map	384	static
../source/freetype/freetype_src/type1/t1load.c:1085:3:parse_weight_vector	272	static
../source/freetype/freetype_src/type1/t1load.c:1171:3:parse_buildchar	32	static
../source/freetype/freetype_src/type1/t1load.c:1212:3:t1_load_keyword	64	static
../source/freetype/freetype_src/type1/t1load.c:1337:3:parse_private	24	static
../source/freetype/freetype_src/type1/t1load.c:1352:3:read_binary_data	40	static
../source/freetype/freetype_src/type1/t1load.c:1404:3:t1_parse_font_matrix	80	static
../source/freetype/freetype_src/type1/t1load.c:1475:3:parse_encoding	96	static
../source/freetype/freetype_src/type1/t1load.c:1721:3:parse_subrs	80	static
../source/freetype/freetype_src/type1/t1load.c:1919:3:parse_charstrings	112	static
../source/freetype/freetype_src/type1/t1load.c:2291:3:parse_dict	80	static
../source/freetype/freetype_src/type1/t1load.c:2484:3:t1_init_loader	16	static
../source/freetype/freetype_src/type1/t1load.c:2494:3:t1_done_loader	24	static
../source/freetype/freetype_src/type1/t1load.c:2517:3:T1_Open_Face	440	static
../source/freetype/freetype_src/type1/t1objs.c:56:3:T1_Size_Get_Globals_Funcs	32	static
../source/freetype/freetype_src/type1/t1objs.c:72:3:T1_Size_Done	24	static
../source/freetype/freetype_src/type1/t1objs.c:92:3:T1_Size_Init	40	static
../source/freetype/freetype_src/type1/t1objs.c:116:3:T1_Size_Request	48	static
../source/freetype/freetype_src/type1/t1objs.c:147:3:T1_GlyphSlot_Done	16	static
../source/freetype/freetype_src/type1/t1objs.c:156:3:T1_GlyphSlot_Init	32	static
../source/freetype/freetype_src/type1/t1objs.c:205:3:T1_Face_Done	32	static
../source/freetype/freetype_src/type1/t1objs.c:312:3:T1_Face_Init	104	static
../source/freetype/freetype_src/type1/t1objs.c:599:3:T1_Driver_Init	24	static
../source/freetype/freetype_src/type1/t1objs.c:649:3:T1_Driver_Done	16	static
../source/freetype/freetype_src/type1/t1parse.c:69:3:read_pfb_tag	40	static
../source/freetype/freetype_src/type1/t1parse.c:97:3:check_type1_format	40	static
../source/freetype/freetype_src/type1/t1parse.c:135:3:T1_New_Parser	48	static
../source/freetype/freetype_src/type1/t1parse.c:243:3:T1_Finalize_Parser	24	static
../source/freetype/freetype_src/type1/t1parse.c:260:3:T1_Get_Private_Dict	80	static
