/Users/harishankar/Documents/gitClone/MIMXRT1064_Project_LED/drivers/fsl_common_arm.h:232:20:_SDK_AtomicLocalClearAndSet4Byte	48	static
/Users/harishankar/Documents/gitClone/MIMXRT1064_Project_LED/drivers/fsl_clock.h:1497:20:CLOCK_ControlGate	32	static
/Users/harishankar/Documents/gitClone/MIMXRT1064_Project_LED/drivers/fsl_clock.h:1514:20:CLOCK_EnableClock	16	static
/Users/harishankar/Documents/gitClone/MIMXRT1064_Project_LED/drivers/fsl_iomuxc.h:1272:20:IOMUXC_SetPinMux	24	static
/Users/harishankar/Documents/gitClone/MIMXRT1064_Project_LED/drivers/fsl_iomuxc.h:1304:20:IOMUXC_SetPinConfig	24	static
/Users/harishankar/Documents/gitClone/MIMXRT1064_Project_LED/drivers/fsl_gpio.h:253:20:GPIO_PortEnableInterrupts	16	static
../board/pin_mux.c:226:6:BOARD_InitBootPins	8	static
../board/pin_mux.c:252:6:BOARD_InitPins	4	static
../board/pin_mux.c:273:6:BOARD_InitDEBUG_UART	16	static
../board/pin_mux.c:335:6:BOARD_InitSDRAM	16	static
../board/pin_mux.c:414:6:BOARD_InitLCD	16	static
../board/pin_mux.c:481:6:BOARD_InitCAN	16	static
../board/pin_mux.c:525:6:BOARD_InitENET	24	static
../board/pin_mux.c:598:6:BOARD_InitUSDHC	16	static
../board/pin_mux.c:635:6:BOARD_InitHyperFlash	16	static
../board/pin_mux.c:669:6:BOARD_InitPinsCTS	24	static
../board/pin_mux.c:729:6:Board_Enet1Pins	24	static
../board/pin_mux.c:801:6:Board_Enet2Pins	16	static
../board/pin_mux.c:846:6:Board_USBOTG_Pins	16	static
../board/pin_mux.c:869:6:Board_UART_Debug_Pins	24	static
../board/pin_mux.c:907:6:Board_LPSPI2_Pins	16	static
../board/pin_mux.c:938:6:Board_I2C1_Pins	24	static
../board/pin_mux.c:975:6:Board_I2C2_Pins	16	static
../board/pin_mux.c:1017:6:Board_LPSPI1_LED_Pins	72	static
../board/pin_mux.c:1198:6:Board_GPIOBufAndMux_TODO	32	static
../board/pin_mux.c:1266:6:Board_ADC1_Pins	16	static
../board/pin_mux.c:1308:6:HWRevisionID_GPIO_PIns	40	static
../board/pin_mux.c:1418:6:BOARD_InitCSI	16	static
