../source/Middleware/SessionManager/SessionManager.c:51:6:SessionManager_Init	4	static
../source/Middleware/SessionManager/SessionManager.c:70:6:SessionManager_CreateSession	24	static
../source/Middleware/SessionManager/SessionManager.c:92:6:SessionManager_DeleteSession	4	static
../source/Middleware/SessionManager/SessionManager.c:105:9:SessionManager_HasActiveSession	16	static
../source/Middleware/SessionManager/SessionManager.c:126:9:SessionManager_IsValidSession	40	static
../source/Middleware/SessionManager/SessionManager.c:148:10:SessionManager_GetCurrentSession	4	static
../source/Middleware/SessionManager/SessionManager.c:160:6:SessionManager_ReplaceSession	16	static
../source/Middleware/SessionManager/SessionManager.c:172:9:SessionManager_IsFirstMessageInSession	16	static
../source/Middleware/SessionManager/SessionManager.c:193:6:SessionManager_MarkFirstMessageHandled	4	static
../source/Middleware/SessionManager/SessionManager.c:212:6:SessionManager_ResetTransactionState	4	static
../source/Middleware/SessionManager/SessionManager.c:218:9:SessionManager_SessionHandling	40	static
../source/Middleware/SessionManager/SessionManager.c:285:6:SessionManager_StartTimeout	24	static
../source/Middleware/SessionManager/SessionManager.c:334:6:SessionManager_ResetTimeout	8	static
../source/Middleware/SessionManager/SessionManager.c:348:6:SessionManager_CheckTimeout	16	static
../source/Middleware/SessionManager/SessionManager.c:383:9:SessionManager_ValidateTransactionId	32	static
../source/Middleware/SessionManager/SessionManager.c:427:6:SessionManager_UpdateTimeoutFromMessage	24	static
../source/Middleware/SessionManager/SessionManager.c:456:9:SessionManager_ValidateMessage	40	static
