/Users/harishankar/Documents/MCUXpressoIDE_25.6.136/MIMXRT1064_Project_LED/CMSIS/core_cm7.h:2013:22:__NVIC_EnableIRQ	16	static
/Users/harishankar/Documents/MCUXpressoIDE_25.6.136/MIMXRT1064_Project_LED/CMSIS/core_cm7.h:2143:22:__NVIC_SetPriority	16	static
/Users/harishankar/Documents/MCUXpressoIDE_25.6.136/MIMXRT1064_Project_LED/drivers/fsl_common_arm.h:672:24:EnableIRQ	24	static
/Users/harishankar/Documents/MCUXpressoIDE_25.6.136/MIMXRT1064_Project_LED/drivers/fsl_common_arm.h:902:24:DisableGlobalIRQ	16	static
/Users/harishankar/Documents/MCUXpressoIDE_25.6.136/MIMXRT1064_Project_LED/drivers/fsl_common_arm.h:928:20:EnableGlobalIRQ	24	static
/Users/harishankar/Documents/MCUXpressoIDE_25.6.136/MIMXRT1064_Project_LED/drivers/fsl_gpio.h:176:24:GPIO_PinRead	16	static
/Users/harishankar/Documents/MCUXpressoIDE_25.6.136/MIMXRT1064_Project_LED/drivers/fsl_gpio.h:253:20:GPIO_PortEnableInterrupts	16	static
/Users/harishankar/Documents/MCUXpressoIDE_25.6.136/MIMXRT1064_Project_LED/drivers/fsl_gpio.h:275:20:GPIO_PortDisableInterrupts	16	static
/Users/harishankar/Documents/MCUXpressoIDE_25.6.136/MIMXRT1064_Project_LED/drivers/fsl_gpio.h:295:24:GPIO_PortGetInterruptFlags	16	static
/Users/harishankar/Documents/MCUXpressoIDE_25.6.136/MIMXRT1064_Project_LED/drivers/fsl_gpio.h:318:20:GPIO_PortClearInterruptFlags	16	static
../component/gpio/fsl_adapter_igpio.c:55:13:HAL_GpioInterruptHandle	80	static
../component/gpio/fsl_adapter_igpio.c:85:6:GPIO1_Combined_0_15_IRQHandler	8	static
../component/gpio/fsl_adapter_igpio.c:92:6:GPIO1_Combined_16_31_IRQHandler	8	static
../component/gpio/fsl_adapter_igpio.c:102:6:GPIO2_Combined_0_15_IRQHandler	8	static
../component/gpio/fsl_adapter_igpio.c:109:6:GPIO2_Combined_16_31_IRQHandler	8	static
../component/gpio/fsl_adapter_igpio.c:119:6:GPIO3_Combined_0_15_IRQHandler	8	static
../component/gpio/fsl_adapter_igpio.c:126:6:GPIO3_Combined_16_31_IRQHandler	8	static
../component/gpio/fsl_adapter_igpio.c:136:6:GPIO4_Combined_0_15_IRQHandler	8	static
../component/gpio/fsl_adapter_igpio.c:143:6:GPIO4_Combined_16_31_IRQHandler	8	static
../component/gpio/fsl_adapter_igpio.c:153:6:GPIO5_Combined_0_15_IRQHandler	8	static
../component/gpio/fsl_adapter_igpio.c:160:6:GPIO5_Combined_16_31_IRQHandler	8	static
../component/gpio/fsl_adapter_igpio.c:170:6:GPIO6_7_8_9_IRQHandler	8	static
../component/gpio/fsl_adapter_igpio.c:189:26:HAL_GpioConflictSearch	16	static
../component/gpio/fsl_adapter_igpio.c:202:26:HAL_GpioAddItem	24	static
../component/gpio/fsl_adapter_igpio.c:232:26:HAL_GpioRemoveItem	32	static
../component/gpio/fsl_adapter_igpio.c:263:6:HAL_GpioPreInit	4	static
../component/gpio/fsl_adapter_igpio.c:268:19:HAL_GpioInit	80	static
../component/gpio/fsl_adapter_igpio.c:322:19:HAL_GpioDeinit	72	static
../component/gpio/fsl_adapter_igpio.c:340:19:HAL_GpioGetInput	72	static
../component/gpio/fsl_adapter_igpio.c:353:19:HAL_GpioSetOutput	72	static
../component/gpio/fsl_adapter_igpio.c:366:19:HAL_GpioInstallCallback	32	static
../component/gpio/fsl_adapter_igpio.c:382:19:HAL_GpioGetTriggerMode	24	static
../component/gpio/fsl_adapter_igpio.c:399:19:HAL_GpioSetTriggerMode	128	static
../component/gpio/fsl_adapter_igpio.c:473:19:HAL_GpioWakeUpSetting	24	static
../component/gpio/fsl_adapter_igpio.c:488:19:HAL_GpioEnterLowpower	16	static
../component/gpio/fsl_adapter_igpio.c:495:19:HAL_GpioExitLowpower	16	static
