../source/freetype/freetype_src/base/../../freetype_include/freetype/internal/ftcalc.h:91:3:FT_MulFix_64	56	static
../source/freetype/freetype_src/base/ftcalc.c:76:3:FT_RoundFix	16	static
../source/freetype/freetype_src/base/ftcalc.c:85:3:FT_CeilFix	16	static
../source/freetype/freetype_src/base/ftcalc.c:94:3:FT_FloorFix	16	static
../source/freetype/freetype_src/base/ftcalc.c:143:3:FT_Hypot	24	static
../source/freetype/freetype_src/base/ftcalc.c:162:3:FT_MulDiv	160	static
../source/freetype/freetype_src/base/ftcalc.c:187:3:FT_MulDiv_No_Round	152	static
../source/freetype/freetype_src/base/ftcalc.c:212:3:FT_MulFix	16	static
../source/freetype/freetype_src/base/ftcalc.c:233:3:FT_DivFix	112	static
../source/freetype/freetype_src/base/ftcalc.c:624:3:FT_Matrix_Multiply	40	static
../source/freetype/freetype_src/base/ftcalc.c:652:3:FT_Matrix_Invert	40	static
../source/freetype/freetype_src/base/ftcalc.c:683:3:FT_Matrix_Multiply_Scaled	56	static
../source/freetype/freetype_src/base/ftcalc.c:714:3:FT_Matrix_Check	48	static
../source/freetype/freetype_src/base/ftcalc.c:762:3:FT_Vector_Transform_Scaled	48	static
../source/freetype/freetype_src/base/ftcalc.c:787:3:FT_Vector_NormLen	64	static
../source/freetype/freetype_src/base/ftcalc.c:880:3:FT_SqrtFixed	64	static
../source/freetype/freetype_src/base/ftcalc.c:947:3:ft_corner_orientation	88	static
../source/freetype/freetype_src/base/ftcalc.c:1006:3:ft_corner_is_flat	48	static
