../source/freetype/freetype_src/base/../../freetype_include/freetype/internal/../internal/ftcalc.h:91:3:FT_MulFix_64	56	static
../source/freetype/freetype_src/base/ftglyph.c:60:3:ft_bitmap_glyph_init	40	static
../source/freetype/freetype_src/base/ftglyph.c:95:3:ft_bitmap_glyph_copy	32	static
../source/freetype/freetype_src/base/ftglyph.c:111:3:ft_bitmap_glyph_done	24	static
../source/freetype/freetype_src/base/ftglyph.c:122:3:ft_bitmap_glyph_bbox	24	static
../source/freetype/freetype_src/base/ftglyph.c:160:3:ft_outline_glyph_init	40	static
../source/freetype/freetype_src/base/ftglyph.c:193:3:ft_outline_glyph_done	24	static
../source/freetype/freetype_src/base/ftglyph.c:203:3:ft_outline_glyph_copy	32	static
../source/freetype/freetype_src/base/ftglyph.c:224:3:ft_outline_glyph_transform	32	static
../source/freetype/freetype_src/base/ftglyph.c:240:3:ft_outline_glyph_bbox	24	static
../source/freetype/freetype_src/base/ftglyph.c:251:3:ft_outline_glyph_prepare	32	static
../source/freetype/freetype_src/base/ftglyph.c:292:3:ft_svg_glyph_init	48	static
../source/freetype/freetype_src/base/ftglyph.c:349:3:ft_svg_glyph_done	24	static
../source/freetype/freetype_src/base/ftglyph.c:361:3:ft_svg_glyph_copy	40	static
../source/freetype/freetype_src/base/ftglyph.c:411:3:ft_svg_glyph_transform	112	static
../source/freetype/freetype_src/base/ftglyph.c:463:3:ft_svg_glyph_prepare	40	static
../source/freetype/freetype_src/base/ftglyph.c:523:4:ft_new_glyph	40	static
../source/freetype/freetype_src/base/ftglyph.c:550:3:FT_Glyph_Copy	32	static
../source/freetype/freetype_src/base/ftglyph.c:597:3:FT_New_Glyph	32	static
../source/freetype/freetype_src/base/ftglyph.c:641:3:FT_Get_Glyph	24	static
../source/freetype/freetype_src/base/ftglyph.c:699:3:FT_Glyph_Transform	32	static
../source/freetype/freetype_src/base/ftglyph.c:732:3:FT_Glyph_Get_CBox	32	static
../source/freetype/freetype_src/base/ftglyph.c:779:3:FT_Glyph_To_Bitmap	264	static
../source/freetype/freetype_src/base/ftglyph.c:894:3:FT_Done_Glyph	24	static
