../source/freetype/freetype_src/base/fthash.c:51:3:hash_str_lookup	24	static
../source/freetype/freetype_src/base/fthash.c:66:3:hash_num_lookup	24	static
../source/freetype/freetype_src/base/fthash.c:83:3:hash_str_compare	16	static
../source/freetype/freetype_src/base/fthash.c:95:3:hash_num_compare	16	static
../source/freetype/freetype_src/base/fthash.c:106:3:hash_bucket	32	static
../source/freetype/freetype_src/base/fthash.c:132:3:hash_rehash	48	static
../source/freetype/freetype_src/base/fthash.c:166:3:hash_init	40	static
../source/freetype/freetype_src/base/fthash.c:196:3:ft_hash_str_init	16	static
../source/freetype/freetype_src/base/fthash.c:204:3:ft_hash_num_init	16	static
../source/freetype/freetype_src/base/fthash.c:212:3:ft_hash_str_free	32	static
../source/freetype/freetype_src/base/fthash.c:234:3:hash_insert	40	static
../source/freetype/freetype_src/base/fthash.c:273:3:ft_hash_str_insert	40	static
../source/freetype/freetype_src/base/fthash.c:288:3:ft_hash_num_insert	40	static
../source/freetype/freetype_src/base/fthash.c:303:3:ft_hash_str_insert_no_overwrite	40	static
../source/freetype/freetype_src/base/fthash.c:318:3:ft_hash_num_insert_no_overwrite	40	static
../source/freetype/freetype_src/base/fthash.c:333:3:hash_lookup	24	static
../source/freetype/freetype_src/base/fthash.c:345:3:ft_hash_str_lookup	24	static
../source/freetype/freetype_src/base/fthash.c:358:3:ft_hash_num_lookup	24	static
../source/freetype/freetype_src/base/fthash.c:371:3:ft_hash_num_iterator	32	static
../source/freetype/freetype_src/base/fthash.c:403:3:ft_hash_str_iterator	32	static
