../source/freetype/freetype_src/base/../../freetype_include/freetype/internal/../internal/ftcalc.h:91:3:FT_MulFix_64	56	static
../source/freetype/freetype_src/base/ftobjs.c:109:3:ft_service_list_lookup	24	static
../source/freetype/freetype_src/base/ftobjs.c:133:3:ft_validator_init	24	static
../source/freetype/freetype_src/base/ftobjs.c:146:3:ft_validator_run	16	static
../source/freetype/freetype_src/base/ftobjs.c:156:3:ft_validator_error	24	static
../source/freetype/freetype_src/base/ftobjs.c:189:3:FT_Stream_New	40	static
../source/freetype/freetype_src/base/ftobjs.c:265:3:FT_Stream_Free	24	static
../source/freetype/freetype_src/base/ftobjs.c:305:3:ft_glyphslot_init	40	static
../source/freetype/freetype_src/base/ftobjs.c:346:3:ft_glyphslot_free_bitmap	24	static
../source/freetype/freetype_src/base/ftobjs.c:368:3:ft_glyphslot_preset_bitmap	104	static
../source/freetype/freetype_src/base/ftobjs.c:534:3:ft_glyphslot_set_bitmap	16	static
../source/freetype/freetype_src/base/ftobjs.c:546:3:ft_glyphslot_alloc_bitmap	24	static
../source/freetype/freetype_src/base/ftobjs.c:564:3:ft_glyphslot_clear	24	static
../source/freetype/freetype_src/base/ftobjs.c:619:3:ft_glyphslot_done	32	static
../source/freetype/freetype_src/base/ftobjs.c:668:3:FT_New_GlyphSlot	40	static
../source/freetype/freetype_src/base/ftobjs.c:721:3:FT_Done_GlyphSlot	32	static
../source/freetype/freetype_src/base/ftobjs.c:762:3:FT_Set_Transform	32	static
../source/freetype/freetype_src/base/ftobjs.c:813:3:FT_Get_Transform	32	static
../source/freetype/freetype_src/base/ftobjs.c:839:3:ft_glyphslot_grid_fit_metrics	32	static
../source/freetype/freetype_src/base/ftobjs.c:892:3:FT_Load_Glyph	104	static
../source/freetype/freetype_src/base/ftobjs.c:1220:3:FT_Load_Char	32	static
../source/freetype/freetype_src/base/ftobjs.c:1240:3:destroy_size	32	static
../source/freetype/freetype_src/base/ftobjs.c:1266:3:destroy_charmaps	24	static
../source/freetype/freetype_src/base/ftobjs.c:1292:3:destroy_face	40	static
../source/freetype/freetype_src/base/ftobjs.c:1345:3:Destroy_Driver	16	static
../source/freetype/freetype_src/base/ftobjs.c:1357:3:find_unicode_charmap	24	static
../source/freetype/freetype_src/base/ftobjs.c:1445:3:find_variant_selector_charmap	32	static
../source/freetype/freetype_src/base/ftobjs.c:1483:3:open_face	72	static
../source/freetype/freetype_src/base/ftobjs.c:1586:3:FT_New_Face	64	static
../source/freetype/freetype_src/base/ftobjs.c:1611:3:FT_New_Memory_Face	64	static
../source/freetype/freetype_src/base/ftobjs.c:1666:3:memory_stream_close	24	static
../source/freetype/freetype_src/base/ftobjs.c:1681:3:new_memory_stream	40	static
../source/freetype/freetype_src/base/ftobjs.c:1718:3:open_face_from_buffer	72	static
../source/freetype/freetype_src/base/ftobjs.c:1783:3:ft_lookup_PS_in_sfnt_stream	48	static
../source/freetype/freetype_src/base/ftobjs.c:1849:3:open_face_PS_from_sfnt_stream	64	static
../source/freetype/freetype_src/base/ftobjs.c:1940:3:Mac_Read_POST_Resource	80	static
../source/freetype/freetype_src/base/ftobjs.c:2162:3:Mac_Read_sfnt_Resource	64	static
../source/freetype/freetype_src/base/ftobjs.c:2236:3:IsMacResource	72	static
../source/freetype/freetype_src/base/ftobjs.c:2299:3:IsMacBinary	176	static
../source/freetype/freetype_src/base/ftobjs.c:2350:3:load_face_in_embedded_rfork	200	static
../source/freetype/freetype_src/base/ftobjs.c:2449:3:load_mac_face	40	static
../source/freetype/freetype_src/base/ftobjs.c:2496:3:FT_Open_Face	32	static
../source/freetype/freetype_src/base/ftobjs.c:2506:3:ft_open_face_internal	112	static
../source/freetype/freetype_src/base/ftobjs.c:2838:3:FT_Attach_File	48	static
../source/freetype/freetype_src/base/ftobjs.c:2860:3:FT_Attach_Stream	32	static
../source/freetype/freetype_src/base/ftobjs.c:2904:3:FT_Reference_Face	16	static
../source/freetype/freetype_src/base/ftobjs.c:2918:3:FT_Done_Face	32	static
../source/freetype/freetype_src/base/ftobjs.c:2959:3:FT_New_Size	48	static
../source/freetype/freetype_src/base/ftobjs.c:3026:3:FT_Done_Size	40	static
../source/freetype/freetype_src/base/ftobjs.c:3074:3:FT_Match_Size	40	static
../source/freetype/freetype_src/base/ftobjs.c:3132:3:ft_synthesize_vertical_metrics	24	static
../source/freetype/freetype_src/base/ftobjs.c:3158:3:ft_recompute_scaled_metrics	16	static
../source/freetype/freetype_src/base/ftobjs.c:3192:3:FT_Select_Metrics	24	static
../source/freetype/freetype_src/base/ftobjs.c:3227:3:FT_Request_Metrics	40	static
../source/freetype/freetype_src/base/ftobjs.c:3367:3:FT_Select_Size	24	static
../source/freetype/freetype_src/base/ftobjs.c:3425:3:FT_Request_Size	32	static
../source/freetype/freetype_src/base/ftobjs.c:3510:3:FT_Set_Char_Size	48	static
../source/freetype/freetype_src/base/ftobjs.c:3552:3:FT_Set_Pixel_Sizes	48	static
../source/freetype/freetype_src/base/ftobjs.c:3590:3:FT_Get_Kerning	48	static
../source/freetype/freetype_src/base/ftobjs.c:3669:3:FT_Get_Track_Kerning	48	static
../source/freetype/freetype_src/base/ftobjs.c:3700:3:FT_Select_Charmap	24	static
../source/freetype/freetype_src/base/ftobjs.c:3743:3:FT_Set_Charmap	24	static
../source/freetype/freetype_src/base/ftobjs.c:3776:3:FT_Get_Charmap_Index	24	static
../source/freetype/freetype_src/base/ftobjs.c:3795:3:ft_cmap_done_internal	32	static
../source/freetype/freetype_src/base/ftobjs.c:3810:3:FT_CMap_Done	48	static
../source/freetype/freetype_src/base/ftobjs.c:3856:3:FT_CMap_New	48	static
../source/freetype/freetype_src/base/ftobjs.c:3910:3:FT_Get_Char_Index	24	static
../source/freetype/freetype_src/base/ftobjs.c:3939:3:FT_Get_First_Char	24	static
../source/freetype/freetype_src/base/ftobjs.c:3964:3:FT_Get_Next_Char	40	static
../source/freetype/freetype_src/base/ftobjs.c:3997:3:FT_Face_Properties	32	static
../source/freetype/freetype_src/base/ftobjs.c:4076:3:FT_Face_GetCharVariantIndex	48	static
../source/freetype/freetype_src/base/ftobjs.c:4122:3:FT_Face_GetCharVariantIsDefault	40	static
../source/freetype/freetype_src/base/ftobjs.c:4165:3:FT_Face_GetVariantSelectors	32	static
../source/freetype/freetype_src/base/ftobjs.c:4192:3:FT_Face_GetVariantsOfChar	32	static
../source/freetype/freetype_src/base/ftobjs.c:4226:3:FT_Face_GetCharsOfVariant	32	static
../source/freetype/freetype_src/base/ftobjs.c:4261:3:FT_Get_Name_Index	40	static
../source/freetype/freetype_src/base/ftobjs.c:4289:3:FT_Get_Glyph_Name	56	static
../source/freetype/freetype_src/base/ftobjs.c:4326:3:FT_Get_Postscript_Name	40	static
../source/freetype/freetype_src/base/ftobjs.c:4355:3:FT_Get_Sfnt_Table	32	static
../source/freetype/freetype_src/base/ftobjs.c:4376:3:FT_Load_Sfnt_Table	56	static
../source/freetype/freetype_src/base/ftobjs.c:4399:3:FT_Sfnt_Table_Info	56	static
../source/freetype/freetype_src/base/ftobjs.c:4424:3:FT_Get_CMap_Language_ID	40	static
../source/freetype/freetype_src/base/ftobjs.c:4448:3:FT_Get_CMap_Format	40	static
../source/freetype/freetype_src/base/ftobjs.c:4472:3:FT_Activate_Size	24	static
../source/freetype/freetype_src/base/ftobjs.c:4506:3:FT_Lookup_Renderer	40	static
../source/freetype/freetype_src/base/ftobjs.c:4548:3:ft_lookup_glyph_renderer	32	static
../source/freetype/freetype_src/base/ftobjs.c:4563:3:ft_set_current_renderer	24	static
../source/freetype/freetype_src/base/ftobjs.c:4574:3:ft_add_renderer	40	static
../source/freetype/freetype_src/base/ftobjs.c:4626:3:ft_remove_renderer	32	static
../source/freetype/freetype_src/base/ftobjs.c:4661:3:FT_Get_Renderer	16	static
../source/freetype/freetype_src/base/ftobjs.c:4673:3:FT_Set_Renderer	40	static
../source/freetype/freetype_src/base/ftobjs.c:4730:3:FT_Render_Glyph_Internal	96	static
../source/freetype/freetype_src/base/ftobjs.c:4980:3:FT_Render_Glyph	24	static
../source/freetype/freetype_src/base/ftobjs.c:5025:3:Destroy_Module	32	static
../source/freetype/freetype_src/base/ftobjs.c:5055:3:FT_Add_Module	40	static
../source/freetype/freetype_src/base/ftobjs.c:5168:3:FT_Get_Module	32	static
../source/freetype/freetype_src/base/ftobjs.c:5196:3:FT_Get_Module_Interface	24	static
../source/freetype/freetype_src/base/ftobjs.c:5211:3:ft_module_get_service	40	static
../source/freetype/freetype_src/base/ftobjs.c:5258:3:FT_Remove_Module	24	static
../source/freetype/freetype_src/base/ftobjs.c:5298:3:ft_property_do	56	static
../source/freetype/freetype_src/base/ftobjs.c:5386:3:FT_Property_Set	32	static
../source/freetype/freetype_src/base/ftobjs.c:5403:3:FT_Property_Get	32	static
../source/freetype/freetype_src/base/ftobjs.c:5423:3:ft_property_string_set	32	static
../source/freetype/freetype_src/base/ftobjs.c:5455:3:FT_Reference_Library	16	static
../source/freetype/freetype_src/base/ftobjs.c:5469:3:FT_New_Library	24	static
../source/freetype/freetype_src/base/ftobjs.c:5508:3:FT_Library_Version	40	static
../source/freetype/freetype_src/base/ftobjs.c:5539:3:FT_Done_Library	48	static
../source/freetype/freetype_src/base/ftobjs.c:5642:3:FT_Set_Debug_Hook	24	static
../source/freetype/freetype_src/base/ftobjs.c:5656:3:FT_Get_TrueType_Engine_Type	32	static
../source/freetype/freetype_src/base/ftobjs.c:5687:3:FT_Get_SubGlyph_Info	32	static
../source/freetype/freetype_src/base/ftobjs.c:5722:3:FT_Get_Color_Glyph_Layer	48	static
../source/freetype/freetype_src/base/ftobjs.c:5759:3:FT_Get_Color_Glyph_Paint	40	static
../source/freetype/freetype_src/base/ftobjs.c:5790:3:FT_Get_Color_Glyph_ClipBox	32	static
../source/freetype/freetype_src/base/ftobjs.c:5819:3:FT_Get_Paint_Layers	32	static
../source/freetype/freetype_src/base/ftobjs.c:5846:3:FT_Get_Paint	40	static
../source/freetype/freetype_src/base/ftobjs.c:5873:3:FT_Get_Colorline_Stops	32	static
