../source/freetype/freetype_src/base/../../freetype_include/freetype/internal/../internal/ftcalc.h:91:3:FT_MulFix_64	56	static
../source/freetype/freetype_src/base/ftoutln.c:43:3:FT_Outline_Decompose	144	static
../source/freetype/freetype_src/base/ftoutln.c:304:3:FT_Outline_New	40	static
../source/freetype/freetype_src/base/ftoutln.c:352:3:FT_Outline_Check	40	static
../source/freetype/freetype_src/base/ftoutln.c:399:3:FT_Outline_Copy	24	static
../source/freetype/freetype_src/base/ftoutln.c:438:3:FT_Outline_Done	24	static
../source/freetype/freetype_src/base/ftoutln.c:470:3:FT_Outline_Get_CBox	48	static
../source/freetype/freetype_src/base/ftoutln.c:520:3:FT_Outline_Translate	32	static
../source/freetype/freetype_src/base/ftoutln.c:545:3:FT_Outline_Reverse	56	static
../source/freetype/freetype_src/base/ftoutln.c:606:3:FT_Outline_Render	56	static
../source/freetype/freetype_src/base/ftoutln.c:669:3:FT_Outline_Get_Bitmap	72	static
../source/freetype/freetype_src/base/ftoutln.c:696:3:FT_Vector_Transform	32	static
../source/freetype/freetype_src/base/ftoutln.c:719:3:FT_Outline_Transform	24	static
../source/freetype/freetype_src/base/ftoutln.c:907:3:FT_Outline_Embolden	16	static
../source/freetype/freetype_src/base/ftoutln.c:917:3:FT_Outline_EmboldenXY	120	static
../source/freetype/freetype_src/base/ftoutln.c:1051:3:FT_Outline_Get_Orientation	80	static
