../source/freetype/freetype_src/base/ftrfork.c:50:3:FT_Raccess_Get_HeaderInfo	88	static
../source/freetype/freetype_src/base/ftrfork.c:171:3:ft_raccess_sort_ref_by_id	16	static
../source/freetype/freetype_src/base/ftrfork.c:179:3:FT_Raccess_Get_DataOffsets	80	static
../source/freetype/freetype_src/base/ftrfork.c:437:3:FT_Raccess_Guess	48	static
../source/freetype/freetype_src/base/ftrfork.c:470:3:raccess_get_rule_type_from_rule_index	16	static
../source/freetype/freetype_src/base/ftrfork.c:486:3:ft_raccess_rule_by_darwin_vfs	16	static
../source/freetype/freetype_src/base/ftrfork.c:503:3:raccess_guess_apple_double	40	static
../source/freetype/freetype_src/base/ftrfork.c:525:3:raccess_guess_apple_single	40	static
../source/freetype/freetype_src/base/ftrfork.c:547:3:raccess_guess_darwin_ufs_export	40	static
../source/freetype/freetype_src/base/ftrfork.c:577:3:raccess_guess_darwin_hfsplus	40	static
../source/freetype/freetype_src/base/ftrfork.c:613:3:raccess_guess_darwin_newvfs	40	static
../source/freetype/freetype_src/base/ftrfork.c:649:3:raccess_guess_vfat	32	static
../source/freetype/freetype_src/base/ftrfork.c:676:3:raccess_guess_linux_cap	32	static
../source/freetype/freetype_src/base/ftrfork.c:702:3:raccess_guess_linux_double	40	static
../source/freetype/freetype_src/base/ftrfork.c:733:3:raccess_guess_linux_netatalk	40	static
../source/freetype/freetype_src/base/ftrfork.c:765:3:raccess_guess_apple_generic	64	static
../source/freetype/freetype_src/base/ftrfork.c:831:3:raccess_guess_linux_double_from_file_name	80	static
../source/freetype/freetype_src/base/ftrfork.c:857:3:raccess_make_file_name	56	static
