../source/freetype/freetype_src/base/../../freetype_include/freetype/internal/../internal/ftcalc.h:91:3:FT_MulFix_64	56	static
../source/freetype/freetype_src/base/ftstroke.c:35:3:FT_Outline_GetInsideBorder	24	static
../source/freetype/freetype_src/base/ftstroke.c:48:3:FT_Outline_GetOutsideBorder	24	static
../source/freetype/freetype_src/base/ftstroke.c:75:3:ft_pos_abs	16	static
../source/freetype/freetype_src/base/ftstroke.c:82:3:ft_conic_split	24	static
../source/freetype/freetype_src/base/ftstroke.c:104:3:ft_conic_is_small_enough	56	static
../source/freetype/freetype_src/base/ftstroke.c:155:3:ft_cubic_split	32	static
../source/freetype/freetype_src/base/ftstroke.c:190:3:ft_angle_mean	16	static
../source/freetype/freetype_src/base/ftstroke.c:198:3:ft_cubic_is_small_enough	72	static
../source/freetype/freetype_src/base/ftstroke.c:327:3:ft_stroke_border_grow	48	static
../source/freetype/freetype_src/base/ftstroke.c:357:3:ft_stroke_border_close	56	static
../source/freetype/freetype_src/base/ftstroke.c:424:3:ft_stroke_border_lineto	40	static
../source/freetype/freetype_src/base/ftstroke.c:466:3:ft_stroke_border_conicto	40	static
../source/freetype/freetype_src/base/ftstroke.c:498:3:ft_stroke_border_cubicto	40	static
../source/freetype/freetype_src/base/ftstroke.c:536:3:ft_stroke_border_arcto	72	static
../source/freetype/freetype_src/base/ftstroke.c:595:3:ft_stroke_border_moveto	16	static
../source/freetype/freetype_src/base/ftstroke.c:610:3:ft_stroke_border_init	16	static
../source/freetype/freetype_src/base/ftstroke.c:625:3:ft_stroke_border_reset	16	static
../source/freetype/freetype_src/base/ftstroke.c:634:3:ft_stroke_border_done	24	static
../source/freetype/freetype_src/base/ftstroke.c:650:3:ft_stroke_border_get_counts	56	static
../source/freetype/freetype_src/base/ftstroke.c:701:3:ft_stroke_border_export	48	static
../source/freetype/freetype_src/base/ftstroke.c:790:3:FT_Stroker_New	32	static
../source/freetype/freetype_src/base/ftstroke.c:823:3:FT_Stroker_Set	24	static
../source/freetype/freetype_src/base/ftstroke.c:852:3:FT_Stroker_Rewind	16	static
../source/freetype/freetype_src/base/ftstroke.c:865:3:FT_Stroker_Done	24	static
../source/freetype/freetype_src/base/ftstroke.c:883:3:ft_stroker_arcto	48	static
../source/freetype/freetype_src/base/ftstroke.c:910:3:ft_stroker_cap	56	static
../source/freetype/freetype_src/base/ftstroke.c:970:3:ft_stroker_inside	72	static
../source/freetype/freetype_src/base/ftstroke.c:1037:3:ft_stroker_outside	104	static
../source/freetype/freetype_src/base/ftstroke.c:1190:3:ft_stroker_process_corner	32	static
../source/freetype/freetype_src/base/ftstroke.c:1224:3:ft_stroker_subpath_start	48	static
../source/freetype/freetype_src/base/ftstroke.c:1265:3:FT_Stroker_LineTo	56	static
../source/freetype/freetype_src/base/ftstroke.c:1341:3:FT_Stroker_ConicTo	424	static
../source/freetype/freetype_src/base/ftstroke.c:1545:3:FT_Stroker_CubicTo	472	static
../source/freetype/freetype_src/base/ftstroke.c:1764:3:FT_Stroker_BeginSubPath	24	static
../source/freetype/freetype_src/base/ftstroke.c:1799:3:ft_stroker_add_reverse_left	56	static
../source/freetype/freetype_src/base/ftstroke.c:1866:3:FT_Stroker_EndSubPath	24	static
../source/freetype/freetype_src/base/ftstroke.c:1937:3:FT_Stroker_GetBorderCounts	40	static
../source/freetype/freetype_src/base/ftstroke.c:1968:3:FT_Stroker_GetCounts	56	static
../source/freetype/freetype_src/base/ftstroke.c:2010:3:FT_Stroker_ExportBorder	32	static
../source/freetype/freetype_src/base/ftstroke.c:2032:3:FT_Stroker_Export	16	static
../source/freetype/freetype_src/base/ftstroke.c:2047:3:FT_Stroker_ParseOutline	128	static
../source/freetype/freetype_src/base/ftstroke.c:2250:3:FT_Glyph_Stroke	56	static
../source/freetype/freetype_src/base/ftstroke.c:2324:3:FT_Glyph_StrokeBorder	56	static
