../source/freetype/freetype_src/base/ftstream.c:34:3:FT_Stream_OpenMemory	24	static
../source/freetype/freetype_src/base/ftstream.c:48:3:FT_Stream_Close	16	static
../source/freetype/freetype_src/base/ftstream.c:56:3:FT_Stream_Seek	32	static
../source/freetype/freetype_src/base/ftstream.c:91:3:FT_Stream_Skip	16	static
../source/freetype/freetype_src/base/ftstream.c:102:3:FT_Stream_Pos	16	static
../source/freetype/freetype_src/base/ftstream.c:109:3:FT_Stream_Read	24	static
../source/freetype/freetype_src/base/ftstream.c:118:3:FT_Stream_ReadAt	40	static
../source/freetype/freetype_src/base/ftstream.c:165:3:FT_Stream_TryRead	40	static
../source/freetype/freetype_src/base/ftstream.c:196:3:FT_Stream_ExtractFrame	32	static
../source/freetype/freetype_src/base/ftstream.c:218:3:FT_Stream_ReleaseFrame	24	static
../source/freetype/freetype_src/base/ftstream.c:238:3:FT_Stream_EnterFrame	40	static
../source/freetype/freetype_src/base/ftstream.c:321:3:FT_Stream_ExitFrame	24	static
../source/freetype/freetype_src/base/ftstream.c:355:3:FT_Stream_GetByte	24	static
../source/freetype/freetype_src/base/ftstream.c:371:3:FT_Stream_GetUShort	24	static
../source/freetype/freetype_src/base/ftstream.c:390:3:FT_Stream_GetUShortLE	24	static
../source/freetype/freetype_src/base/ftstream.c:409:3:FT_Stream_GetUOffset	24	static
../source/freetype/freetype_src/base/ftstream.c:427:3:FT_Stream_GetULong	24	static
../source/freetype/freetype_src/base/ftstream.c:445:3:FT_Stream_GetULongLE	24	static
../source/freetype/freetype_src/base/ftstream.c:463:3:FT_Stream_ReadByte	32	static
../source/freetype/freetype_src/base/ftstream.c:501:3:FT_Stream_ReadUShort	32	static
../source/freetype/freetype_src/base/ftstream.c:546:3:FT_Stream_ReadUShortLE	32	static
../source/freetype/freetype_src/base/ftstream.c:591:3:FT_Stream_ReadUOffset	40	static
../source/freetype/freetype_src/base/ftstream.c:636:3:FT_Stream_ReadULong	40	static
../source/freetype/freetype_src/base/ftstream.c:681:3:FT_Stream_ReadULongLE	40	static
../source/freetype/freetype_src/base/ftstream.c:726:3:FT_Stream_ReadFields	56	static
