../source/freetype/freetype_src/base/ftutil.c:49:3:ft_mem_alloc	32	static
../source/freetype/freetype_src/base/ftutil.c:65:3:ft_mem_qalloc	32	static
../source/freetype/freetype_src/base/ftutil.c:91:3:ft_mem_realloc	40	static
../source/freetype/freetype_src/base/ftutil.c:113:3:ft_mem_qrealloc	48	static
../source/freetype/freetype_src/base/ftutil.c:169:3:ft_mem_free	16	static
../source/freetype/freetype_src/base/ftutil.c:178:3:ft_mem_dup	32	static
../source/freetype/freetype_src/base/ftutil.c:196:3:ft_mem_strdup	32	static
../source/freetype/freetype_src/base/ftutil.c:209:3:ft_mem_strcpyn	24	static
../source/freetype/freetype_src/base/ftutil.c:243:3:FT_List_Find	24	static
../source/freetype/freetype_src/base/ftutil.c:268:3:FT_List_Add	24	static
../source/freetype/freetype_src/base/ftutil.c:294:3:FT_List_Insert	24	static
../source/freetype/freetype_src/base/ftutil.c:320:3:FT_List_Remove	24	static
../source/freetype/freetype_src/base/ftutil.c:347:3:FT_List_Up	24	static
../source/freetype/freetype_src/base/ftutil.c:380:3:FT_List_Iterate	40	static
../source/freetype/freetype_src/base/ftutil.c:412:3:FT_List_Finalize	40	static
