../lwip/port/usb_ethernetif_bm.c:108:13:USB_HostCdcEcmControlCallback	32	static
../lwip/port/usb_ethernetif_bm.c:157:13:USB_HostCdcEcmDataInCallback	32	static
../lwip/port/usb_ethernetif_bm.c:206:13:USB_HostCdcEcmDataOutCallback	32	static
../lwip/port/usb_ethernetif_bm.c:242:13:USB_HostCdcEcmInterruptCallback	40	static
../lwip/port/usb_ethernetif_bm.c:300:13:USB_HostCdcEcmControlIgmpFilterCallback	32	static
../lwip/port/usb_ethernetif_bm.c:318:6:USB_HostCdcEcmTask	40	static
../lwip/port/usb_ethernetif_bm.c:491:14:USB_HostCdcEcmEvent	48	static
../lwip/port/usb_ethernetif_bm.c:575:12:_char_atoi16	24	static
../lwip/port/usb_ethernetif_bm.c:603:21:USB_HostCdcEcmUnicodeStrToNum	40	static
../lwip/port/usb_ethernetif_bm.c:631:13:USB_HostCdcEcmUnicodeMacAddressStrToNum	40	static
../lwip/port/usb_ethernetif_bm.c:1210:21:USB_HostEvent	32	static
../lwip/port/usb_ethernetif_bm.c:1252:13:USB_HostApplicationInit	16	static
../lwip/port/usb_ethernetif_bm.c:1294:7:USB_EthernetIfInIt	24	static
../lwip/port/usb_ethernetif_bm.c:1338:13:_multicastIp2MulticastMac	24	static
../lwip/port/usb_ethernetif_bm.c:1349:14:_macCompare	16	static
../lwip/port/usb_ethernetif_bm.c:1361:7:USB_EthernetIfIgmpMacFilter	72	static
../lwip/port/usb_ethernetif_bm.c:1490:6:USB_EthernetIfInput	24	static
../lwip/port/usb_ethernetif_bm.c:1531:7:USB_EthernetIfOutPut	48	static
