../source/freetype/freetype_src/type42/t42objs.c:32:3:T42_Open_Face	352	static
../source/freetype/freetype_src/type42/t42objs.c:162:3:T42_Face_Init	128	static
../source/freetype/freetype_src/type42/t42objs.c:404:3:T42_Face_Done	32	static
../source/freetype/freetype_src/type42/t42objs.c:475:3:T42_Driver_Init	24	static
../source/freetype/freetype_src/type42/t42objs.c:495:3:T42_Driver_Done	16	static
../source/freetype/freetype_src/type42/t42objs.c:502:3:T42_Size_Init	40	static
../source/freetype/freetype_src/type42/t42objs.c:523:3:T42_Size_Request	40	static
../source/freetype/freetype_src/type42/t42objs.c:542:3:T42_Size_Select	40	static
../source/freetype/freetype_src/type42/t42objs.c:562:3:T42_Size_Done	32	static
../source/freetype/freetype_src/type42/t42objs.c:580:3:T42_GlyphSlot_Init	40	static
../source/freetype/freetype_src/type42/t42objs.c:612:3:T42_GlyphSlot_Done	24	static
../source/freetype/freetype_src/type42/t42objs.c:624:3:t42_glyphslot_clear	16	static
../source/freetype/freetype_src/type42/t42objs.c:649:3:T42_GlyphSlot_Load	56	static
