../source/freetype/freetype_src/type42/t42drivr.c:59:3:t42_get_glyph_name	32	static
../source/freetype/freetype_src/type42/t42drivr.c:76:3:t42_get_name_index	32	static
../source/freetype/freetype_src/type42/t42drivr.c:113:3:t42_get_ps_font_name	24	static
../source/freetype/freetype_src/type42/t42drivr.c:135:3:t42_ps_get_font_info	24	static
../source/freetype/freetype_src/type42/t42drivr.c:145:3:t42_ps_get_font_extra	16	static
../source/freetype/freetype_src/type42/t42drivr.c:155:3:t42_ps_has_glyph_names	16	static
../source/freetype/freetype_src/type42/t42drivr.c:192:3:T42_Get_Interface	16	static
../source/freetype/freetype_src/type42/t42objs.c:32:3:T42_Open_Face	352	static
../source/freetype/freetype_src/type42/t42objs.c:162:3:T42_Face_Init	128	static
../source/freetype/freetype_src/type42/t42objs.c:404:3:T42_Face_Done	32	static
../source/freetype/freetype_src/type42/t42objs.c:475:3:T42_Driver_Init	24	static
../source/freetype/freetype_src/type42/t42objs.c:495:3:T42_Driver_Done	16	static
../source/freetype/freetype_src/type42/t42objs.c:502:3:T42_Size_Init	40	static
../source/freetype/freetype_src/type42/t42objs.c:523:3:T42_Size_Request	40	static
../source/freetype/freetype_src/type42/t42objs.c:542:3:T42_Size_Select	40	static
../source/freetype/freetype_src/type42/t42objs.c:562:3:T42_Size_Done	32	static
../source/freetype/freetype_src/type42/t42objs.c:580:3:T42_GlyphSlot_Init	40	static
../source/freetype/freetype_src/type42/t42objs.c:612:3:T42_GlyphSlot_Done	24	static
../source/freetype/freetype_src/type42/t42objs.c:624:3:t42_glyphslot_clear	16	static
../source/freetype/freetype_src/type42/t42objs.c:649:3:T42_GlyphSlot_Load	56	static
../source/freetype/freetype_src/type42/t42parse.c:136:3:t42_parser_init	40	static
../source/freetype/freetype_src/type42/t42parse.c:220:3:t42_parser_done	24	static
../source/freetype/freetype_src/type42/t42parse.c:235:3:t42_is_space	16	static
../source/freetype/freetype_src/type42/t42parse.c:244:3:t42_parse_font_matrix	80	static
../source/freetype/freetype_src/type42/t42parse.c:304:3:t42_parse_encoding	96	static
../source/freetype/freetype_src/type42/t42parse.c:536:3:t42_parse_sfnts	128	static
../source/freetype/freetype_src/type42/t42parse.c:829:3:t42_parse_charstrings	96	static
../source/freetype/freetype_src/type42/t42parse.c:1136:3:t42_load_keyword	56	static
../source/freetype/freetype_src/type42/t42parse.c:1191:3:t42_parse_dict	64	static
../source/freetype/freetype_src/type42/t42parse.c:1318:3:t42_loader_init	16	static
../source/freetype/freetype_src/type42/t42parse.c:1335:3:t42_loader_done	24	static
