../lvgl/src/display/../display/../core/../misc/../font/../draw/../misc/../stdlib/lv_string.h:73:20:lv_memzero	16	static
../lvgl/src/display/lv_display.c:62:16:lv_display_create	48	static
../lvgl/src/display/lv_display.c:158:6:lv_display_delete	24	static
../lvgl/src/display/lv_display.c:214:6:lv_display_set_default	16	static
../lvgl/src/display/lv_display.c:219:16:lv_display_get_default	4	static
../lvgl/src/display/lv_display.c:224:16:lv_display_get_next	16	static
../lvgl/src/display/lv_display.c:236:6:lv_display_set_resolution	24	static
../lvgl/src/display/lv_display.c:249:6:lv_display_set_physical_resolution	24	static
../lvgl/src/display/lv_display.c:261:6:lv_display_set_offset	24	static
../lvgl/src/display/lv_display.c:273:6:lv_display_set_dpi	16	static
../lvgl/src/display/lv_display.c:281:9:lv_display_get_horizontal_resolution	16	static
../lvgl/src/display/lv_display.c:299:9:lv_display_get_vertical_resolution	16	static
../lvgl/src/display/lv_display.c:317:9:lv_display_get_physical_horizontal_resolution	16	static
../lvgl/src/display/lv_display.c:335:9:lv_display_get_physical_vertical_resolution	16	static
../lvgl/src/display/lv_display.c:353:9:lv_display_get_offset_x	16	static
../lvgl/src/display/lv_display.c:374:9:lv_display_get_offset_y	16	static
../lvgl/src/display/lv_display.c:395:9:lv_display_get_dpi	16	static
../lvgl/src/display/lv_display.c:406:6:lv_display_set_draw_buffers	24	static
../lvgl/src/display/lv_display.c:416:6:lv_display_set_buffers	56	static
../lvgl/src/display/lv_display.c:447:6:lv_display_set_buffers_with_stride	56	static
../lvgl/src/display/lv_display.c:472:6:lv_display_set_render_mode	16	static
../lvgl/src/display/lv_display.c:479:6:lv_display_set_flush_cb	16	static
../lvgl/src/display/lv_display.c:487:6:lv_display_set_flush_wait_cb	16	static
../lvgl/src/display/lv_display.c:494:6:lv_display_set_color_format	16	static
../lvgl/src/display/lv_display.c:505:19:lv_display_get_color_format	16	static
../lvgl/src/display/lv_display.c:512:6:lv_display_set_antialiasing	16	static
../lvgl/src/display/lv_display.c:519:6:lv_display_get_antialiasing	16	static
../lvgl/src/display/lv_display.c:527:31:lv_display_flush_ready	16	static
../lvgl/src/display/lv_display.c:532:31:lv_display_flush_is_last	16	static
../lvgl/src/display/lv_display.c:537:6:lv_display_is_double_buffered	16	static
../lvgl/src/display/lv_display.c:546:12:lv_display_get_screen_active	24	static
../lvgl/src/display/lv_display.c:557:12:lv_display_get_screen_prev	24	static
../lvgl/src/display/lv_display.c:568:12:lv_display_get_layer_top	24	static
../lvgl/src/display/lv_display.c:579:12:lv_display_get_layer_sys	24	static
../lvgl/src/display/lv_display.c:590:12:lv_display_get_layer_bottom	24	static
../lvgl/src/display/lv_display.c:601:6:lv_screen_load	24	static
../lvgl/src/display/lv_display.c:606:6:lv_screen_load_anim	208	static
../lvgl/src/display/lv_display.c:754:6:lv_display_add_event_cb	40	static
../lvgl/src/display/lv_display.c:761:10:lv_display_get_event_count	32	static
../lvgl/src/display/lv_display.c:767:18:lv_display_get_event_dsc	32	static
../lvgl/src/display/lv_display.c:774:6:lv_display_delete_event	32	static
../lvgl/src/display/lv_display.c:781:10:lv_display_remove_event_cb_with_user_data	56	static
../lvgl/src/display/lv_display.c:800:13:lv_display_send_event	56	static
../lvgl/src/display/lv_display.c:819:6:lv_display_set_rotation	16	static
../lvgl/src/display/lv_display.c:828:23:lv_display_get_rotation	16	static
../lvgl/src/display/lv_display.c:835:6:lv_display_set_theme	24	static
../lvgl/src/display/lv_display.c:853:14:lv_display_get_theme	16	static
../lvgl/src/display/lv_display.c:859:10:lv_display_get_inactive_time	32	static
../lvgl/src/display/lv_display.c:875:6:lv_display_trigger_activity	24	static
../lvgl/src/display/lv_display.c:886:6:lv_display_enable_invalidation	24	static
../lvgl/src/display/lv_display.c:897:6:lv_display_is_invalidation_enabled	24	static
../lvgl/src/display/lv_display.c:908:14:lv_display_get_refr_timer	16	static
../lvgl/src/display/lv_display.c:916:6:lv_display_delete_refr_timer	16	static
../lvgl/src/display/lv_display.c:925:6:lv_display_set_user_data	16	static
../lvgl/src/display/lv_display.c:932:6:lv_display_set_driver_data	16	static
../lvgl/src/display/lv_display.c:940:8:lv_display_get_user_data	16	static
../lvgl/src/display/lv_display.c:947:8:lv_display_get_driver_data	16	static
../lvgl/src/display/lv_display.c:955:17:lv_display_get_buf_active	16	static
../lvgl/src/display/lv_display.c:962:6:lv_display_rotate_area	32	static
../lvgl/src/display/lv_display.c:993:12:lv_screen_active	8	static
../lvgl/src/display/lv_display.c:998:12:lv_layer_top	8	static
../lvgl/src/display/lv_display.c:1003:12:lv_layer_sys	8	static
../lvgl/src/display/lv_display.c:1008:12:lv_layer_bottom	8	static
../lvgl/src/display/lv_display.c:1013:9:lv_dpx	16	static
../lvgl/src/display/lv_display.c:1018:9:lv_display_dpx	16	static
../lvgl/src/display/lv_display.c:1027:13:update_resolution	48	static
../lvgl/src/display/lv_display.c:1063:31:invalidate_layout_cb	16	static
../lvgl/src/display/lv_display.c:1070:13:scr_load_internal	40	static
../lvgl/src/display/lv_display.c:1093:13:scr_load_anim_start	24	static
../lvgl/src/display/lv_display.c:1103:13:opa_scale_anim	16	static
../lvgl/src/display/lv_display.c:1108:13:set_x_anim	16	static
../lvgl/src/display/lv_display.c:1113:13:set_y_anim	16	static
../lvgl/src/display/lv_display.c:1118:13:scr_anim_completed	24	static
../lvgl/src/display/lv_display.c:1133:13:is_out_anim	16	static
../lvgl/src/display/lv_display.c:1142:13:disp_event_cb	24	static
