../source/freetype/freetype_src/cff/../../freetype_include/freetype/internal/../internal/ftcalc.h:91:3:FT_MulFix_64	56	static
../source/freetype/freetype_src/cff/cffcmap.c:35:3:cff_cmap_encoding_init	32	static
../source/freetype/freetype_src/cff/cffcmap.c:53:3:cff_cmap_encoding_done	24	static
../source/freetype/freetype_src/cff/cffcmap.c:63:3:cff_cmap_encoding_char_index	24	static
../source/freetype/freetype_src/cff/cffcmap.c:78:3:cff_cmap_encoding_char_next	32	static
../source/freetype/freetype_src/cff/cffcmap.c:127:3:cff_sid_to_glyph_name	32	static
../source/freetype/freetype_src/cff/cffcmap.c:141:3:cff_cmap_unicode_init	56	static
../source/freetype/freetype_src/cff/cffcmap.c:172:3:cff_cmap_unicode_done	32	static
../source/freetype/freetype_src/cff/cffcmap.c:185:3:cff_cmap_unicode_char_index	32	static
../source/freetype/freetype_src/cff/cffcmap.c:199:3:cff_cmap_unicode_char_next	32	static
../source/freetype/freetype_src/cff/cffdrivr.c:111:3:cff_get_kerning	32	static
../source/freetype/freetype_src/cff/cffdrivr.c:174:3:cff_glyph_load	40	static
../source/freetype/freetype_src/cff/cffdrivr.c:197:3:cff_get_advances	56	static
../source/freetype/freetype_src/cff/cffdrivr.c:276:3:cff_get_glyph_name	64	static
../source/freetype/freetype_src/cff/cffdrivr.c:341:3:cff_get_name_index	64	static
../source/freetype/freetype_src/cff/cffdrivr.c:416:3:cff_ps_has_glyph_names	16	static
../source/freetype/freetype_src/cff/cffdrivr.c:423:3:cff_ps_get_font_info	48	static
../source/freetype/freetype_src/cff/cffdrivr.c:474:3:cff_ps_get_font_extra	56	static
../source/freetype/freetype_src/cff/cffdrivr.c:571:3:cff_get_ps_name	40	static
../source/freetype/freetype_src/cff/cffdrivr.c:618:3:cff_get_cmap_info	40	static
../source/freetype/freetype_src/cff/cffdrivr.c:660:3:cff_get_ros	40	static
../source/freetype/freetype_src/cff/cffdrivr.c:718:3:cff_get_is_cid	32	static
../source/freetype/freetype_src/cff/cffdrivr.c:742:3:cff_get_cid_from_glyph_index	48	static
../source/freetype/freetype_src/cff/cffdrivr.c:812:3:cff_set_mm_blend	32	static
../source/freetype/freetype_src/cff/cffdrivr.c:825:3:cff_get_mm_blend	32	static
../source/freetype/freetype_src/cff/cffdrivr.c:838:3:cff_set_mm_weightvector	32	static
../source/freetype/freetype_src/cff/cffdrivr.c:851:3:cff_get_mm_weightvector	32	static
../source/freetype/freetype_src/cff/cffdrivr.c:864:3:cff_construct_ps_name	24	static
../source/freetype/freetype_src/cff/cffdrivr.c:875:3:cff_get_mm_var	24	static
../source/freetype/freetype_src/cff/cffdrivr.c:887:3:cff_set_var_design	32	static
../source/freetype/freetype_src/cff/cffdrivr.c:900:3:cff_get_var_design	32	static
../source/freetype/freetype_src/cff/cffdrivr.c:913:3:cff_set_named_instance	24	static
../source/freetype/freetype_src/cff/cffdrivr.c:925:3:cff_get_default_named_instance	24	static
../source/freetype/freetype_src/cff/cffdrivr.c:937:3:cff_load_item_variation_store	32	static
../source/freetype/freetype_src/cff/cffdrivr.c:950:3:cff_load_delta_set_index_mapping	48	static
../source/freetype/freetype_src/cff/cffdrivr.c:966:3:cff_get_item_delta	40	static
../source/freetype/freetype_src/cff/cffdrivr.c:980:3:cff_done_item_variation_store	24	static
../source/freetype/freetype_src/cff/cffdrivr.c:992:3:cff_done_delta_set_index_map	24	static
../source/freetype/freetype_src/cff/cffdrivr.c:1045:3:cff_hadvance_adjust	32	static
../source/freetype/freetype_src/cff/cffdrivr.c:1059:3:cff_metrics_adjust	24	static
../source/freetype/freetype_src/cff/cffdrivr.c:1148:3:cff_get_interface	32	static
../source/freetype/freetype_src/cff/cffgload.c:52:3:cff_get_glyph_data	40	static
../source/freetype/freetype_src/cff/cffgload.c:88:3:cff_free_glyph_data	40	static
../source/freetype/freetype_src/cff/cffgload.c:202:3:cff_slot_load	1680	static
../source/freetype/freetype_src/cff/cffparse.c:41:3:cff_parser_init	40	static
../source/freetype/freetype_src/cff/cffparse.c:77:3:cff_parser_done	24	static
../source/freetype/freetype_src/cff/cffparse.c:96:3:cff_parse_integer	32	static
../source/freetype/freetype_src/cff/cffparse.c:183:3:cff_parse_real	80	static
../source/freetype/freetype_src/cff/cffparse.c:458:3:cff_parse_num	16	static
../source/freetype/freetype_src/cff/cffparse.c:496:3:do_fixed	32	static
../source/freetype/freetype_src/cff/cffparse.c:558:3:cff_parse_fixed	16	static
../source/freetype/freetype_src/cff/cffparse.c:568:3:cff_parse_fixed_scaled	24	static
../source/freetype/freetype_src/cff/cffparse.c:580:3:cff_parse_fixed_dynamic	32	static
../source/freetype/freetype_src/cff/cffparse.c:623:3:cff_parse_font_matrix	112	static
../source/freetype/freetype_src/cff/cffparse.c:750:3:cff_parse_font_bbox	32	static
../source/freetype/freetype_src/cff/cffparse.c:780:3:cff_parse_private_dict	32	static
../source/freetype/freetype_src/cff/cffparse.c:827:3:cff_parse_multiple_master	32	static
../source/freetype/freetype_src/cff/cffparse.c:874:3:cff_parse_cid_ros	32	static
../source/freetype/freetype_src/cff/cffparse.c:906:3:cff_parse_vsindex	32	static
../source/freetype/freetype_src/cff/cffparse.c:942:3:cff_parse_blend	40	static
../source/freetype/freetype_src/cff/cffparse.c:997:3:cff_parse_maxstack	32	static
../source/freetype/freetype_src/cff/cffparse.c:1153:3:cff_parser_run	72	static
../source/freetype/freetype_src/cff/cffload.c:191:3:cff_get_standard_encoding	16	static
../source/freetype/freetype_src/cff/cffload.c:210:3:cff_index_read_offset	40	static
../source/freetype/freetype_src/cff/cffload.c:234:3:cff_index_init	48	static
../source/freetype/freetype_src/cff/cffload.c:323:3:cff_index_done	24	static
../source/freetype/freetype_src/cff/cffload.c:341:3:cff_index_load_offsets	56	static
../source/freetype/freetype_src/cff/cffload.c:405:3:cff_index_get_pointers	80	static
../source/freetype/freetype_src/cff/cffload.c:504:3:cff_index_access_element	48	static
../source/freetype/freetype_src/cff/cffload.c:602:3:cff_index_forget_element	24	static
../source/freetype/freetype_src/cff/cffload.c:617:3:cff_index_get_name	40	static
../source/freetype/freetype_src/cff/cffload.c:651:3:cff_index_get_string	16	static
../source/freetype/freetype_src/cff/cffload.c:661:3:cff_index_get_sid_string	16	static
../source/freetype/freetype_src/cff/cffload.c:691:3:CFF_Done_FD_Select	16	static
../source/freetype/freetype_src/cff/cffload.c:704:3:CFF_Load_FD_Select	40	static
../source/freetype/freetype_src/cff/cffload.c:755:3:cff_fd_select_get	40	static
../source/freetype/freetype_src/cff/cffload.c:831:3:cff_charset_compute_cids	48	static
../source/freetype/freetype_src/cff/cffload.c:868:3:cff_charset_cid_to_gindex	24	static
../source/freetype/freetype_src/cff/cffload.c:882:3:cff_charset_free_cids	16	static
../source/freetype/freetype_src/cff/cffload.c:891:3:cff_charset_done	24	static
../source/freetype/freetype_src/cff/cffload.c:906:3:cff_charset_load	64	static
../source/freetype/freetype_src/cff/cffload.c:1095:3:cff_vstore_done	24	static
../source/freetype/freetype_src/cff/cffload.c:1124:3:cff_vstore_load	104	static
../source/freetype/freetype_src/cff/cffload.c:1279:3:cff_blend_clear	16	static
../source/freetype/freetype_src/cff/cffload.c:1297:3:cff_blend_doBlend	96	static
../source/freetype/freetype_src/cff/cffload.c:1405:3:cff_blend_build_vector	80	static
../source/freetype/freetype_src/cff/cffload.c:1560:3:cff_blend_check_vector	24	static
../source/freetype/freetype_src/cff/cffload.c:1584:3:cff_get_var_blend	48	static
../source/freetype/freetype_src/cff/cffload.c:1603:3:cff_done_blend	24	static
../source/freetype/freetype_src/cff/cffload.c:1617:3:cff_encoding_done	16	static
../source/freetype/freetype_src/cff/cffload.c:1626:3:cff_encoding_load	72	static
../source/freetype/freetype_src/cff/cffload.c:1871:3:cff_load_private_dict	112	static
../source/freetype/freetype_src/cff/cffload.c:1978:3:cff_subfont_load	120	static
../source/freetype/freetype_src/cff/cffload.c:2159:3:cff_subfont_done	16	static
../source/freetype/freetype_src/cff/cffload.c:2175:3:cff_font_load	152	static
../source/freetype/freetype_src/cff/cffload.c:2523:3:cff_font_done	24	static
../source/freetype/freetype_src/cff/cffobjs.c:66:3:cff_size_get_globals_funcs	32	static
../source/freetype/freetype_src/cff/cffobjs.c:83:3:cff_size_done	48	static
../source/freetype/freetype_src/cff/cffobjs.c:118:3:cff_make_private_dict	32	static
../source/freetype/freetype_src/cff/cffobjs.c:166:3:cff_size_init	248	static
../source/freetype/freetype_src/cff/cffobjs.c:227:3:cff_size_select	80	static
../source/freetype/freetype_src/cff/cffobjs.c:284:3:cff_size_request	96	static
../source/freetype/freetype_src/cff/cffobjs.c:365:3:cff_slot_done	16	static
../source/freetype/freetype_src/cff/cffobjs.c:373:3:cff_slot_init	40	static
../source/freetype/freetype_src/cff/cffobjs.c:407:3:cff_strcpy	24	static
../source/freetype/freetype_src/cff/cffobjs.c:425:3:remove_subset_prefix	32	static
../source/freetype/freetype_src/cff/cffobjs.c:450:3:remove_style	24	static
../source/freetype/freetype_src/cff/cffobjs.c:471:3:cff_face_init	224	static
../source/freetype/freetype_src/cff/cffobjs.c:1096:3:cff_face_done	32	static
../source/freetype/freetype_src/cff/cffobjs.c:1131:3:cff_driver_init	24	static
../source/freetype/freetype_src/cff/cffobjs.c:1169:3:cff_driver_done	16	static
