../source/freetype/freetype_src/cff/cffdrivr.c:111:3:cff_get_kerning	32	static
../source/freetype/freetype_src/cff/cffdrivr.c:174:3:cff_glyph_load	40	static
../source/freetype/freetype_src/cff/cffdrivr.c:197:3:cff_get_advances	56	static
../source/freetype/freetype_src/cff/cffdrivr.c:276:3:cff_get_glyph_name	64	static
../source/freetype/freetype_src/cff/cffdrivr.c:341:3:cff_get_name_index	64	static
../source/freetype/freetype_src/cff/cffdrivr.c:416:3:cff_ps_has_glyph_names	16	static
../source/freetype/freetype_src/cff/cffdrivr.c:423:3:cff_ps_get_font_info	48	static
../source/freetype/freetype_src/cff/cffdrivr.c:474:3:cff_ps_get_font_extra	56	static
../source/freetype/freetype_src/cff/cffdrivr.c:571:3:cff_get_ps_name	40	static
../source/freetype/freetype_src/cff/cffdrivr.c:618:3:cff_get_cmap_info	40	static
../source/freetype/freetype_src/cff/cffdrivr.c:660:3:cff_get_ros	40	static
../source/freetype/freetype_src/cff/cffdrivr.c:718:3:cff_get_is_cid	32	static
../source/freetype/freetype_src/cff/cffdrivr.c:742:3:cff_get_cid_from_glyph_index	48	static
../source/freetype/freetype_src/cff/cffdrivr.c:812:3:cff_set_mm_blend	32	static
../source/freetype/freetype_src/cff/cffdrivr.c:825:3:cff_get_mm_blend	32	static
../source/freetype/freetype_src/cff/cffdrivr.c:838:3:cff_set_mm_weightvector	32	static
../source/freetype/freetype_src/cff/cffdrivr.c:851:3:cff_get_mm_weightvector	32	static
../source/freetype/freetype_src/cff/cffdrivr.c:864:3:cff_construct_ps_name	24	static
../source/freetype/freetype_src/cff/cffdrivr.c:875:3:cff_get_mm_var	24	static
../source/freetype/freetype_src/cff/cffdrivr.c:887:3:cff_set_var_design	32	static
../source/freetype/freetype_src/cff/cffdrivr.c:900:3:cff_get_var_design	32	static
../source/freetype/freetype_src/cff/cffdrivr.c:913:3:cff_set_named_instance	24	static
../source/freetype/freetype_src/cff/cffdrivr.c:925:3:cff_get_default_named_instance	24	static
../source/freetype/freetype_src/cff/cffdrivr.c:937:3:cff_load_item_variation_store	32	static
../source/freetype/freetype_src/cff/cffdrivr.c:950:3:cff_load_delta_set_index_mapping	48	static
../source/freetype/freetype_src/cff/cffdrivr.c:966:3:cff_get_item_delta	40	static
../source/freetype/freetype_src/cff/cffdrivr.c:980:3:cff_done_item_variation_store	24	static
../source/freetype/freetype_src/cff/cffdrivr.c:992:3:cff_done_delta_set_index_map	24	static
../source/freetype/freetype_src/cff/cffdrivr.c:1045:3:cff_hadvance_adjust	32	static
../source/freetype/freetype_src/cff/cffdrivr.c:1059:3:cff_metrics_adjust	24	static
../source/freetype/freetype_src/cff/cffdrivr.c:1148:3:cff_get_interface	32	static
