../source/freetype/freetype_src/cff/../../freetype_include/freetype/internal/../internal/ftcalc.h:91:3:FT_MulFix_64	56	static
../source/freetype/freetype_src/cff/cffload.c:191:3:cff_get_standard_encoding	16	static
../source/freetype/freetype_src/cff/cffload.c:210:3:cff_index_read_offset	40	static
../source/freetype/freetype_src/cff/cffload.c:234:3:cff_index_init	48	static
../source/freetype/freetype_src/cff/cffload.c:323:3:cff_index_done	24	static
../source/freetype/freetype_src/cff/cffload.c:341:3:cff_index_load_offsets	56	static
../source/freetype/freetype_src/cff/cffload.c:405:3:cff_index_get_pointers	80	static
../source/freetype/freetype_src/cff/cffload.c:504:3:cff_index_access_element	48	static
../source/freetype/freetype_src/cff/cffload.c:602:3:cff_index_forget_element	24	static
../source/freetype/freetype_src/cff/cffload.c:617:3:cff_index_get_name	40	static
../source/freetype/freetype_src/cff/cffload.c:651:3:cff_index_get_string	16	static
../source/freetype/freetype_src/cff/cffload.c:661:3:cff_index_get_sid_string	16	static
../source/freetype/freetype_src/cff/cffload.c:691:3:CFF_Done_FD_Select	16	static
../source/freetype/freetype_src/cff/cffload.c:704:3:CFF_Load_FD_Select	40	static
../source/freetype/freetype_src/cff/cffload.c:755:3:cff_fd_select_get	40	static
../source/freetype/freetype_src/cff/cffload.c:831:3:cff_charset_compute_cids	48	static
../source/freetype/freetype_src/cff/cffload.c:868:3:cff_charset_cid_to_gindex	24	static
../source/freetype/freetype_src/cff/cffload.c:882:3:cff_charset_free_cids	16	static
../source/freetype/freetype_src/cff/cffload.c:891:3:cff_charset_done	24	static
../source/freetype/freetype_src/cff/cffload.c:906:3:cff_charset_load	64	static
../source/freetype/freetype_src/cff/cffload.c:1095:3:cff_vstore_done	24	static
../source/freetype/freetype_src/cff/cffload.c:1124:3:cff_vstore_load	104	static
../source/freetype/freetype_src/cff/cffload.c:1279:3:cff_blend_clear	16	static
../source/freetype/freetype_src/cff/cffload.c:1297:3:cff_blend_doBlend	96	static
../source/freetype/freetype_src/cff/cffload.c:1405:3:cff_blend_build_vector	80	static
../source/freetype/freetype_src/cff/cffload.c:1560:3:cff_blend_check_vector	24	static
../source/freetype/freetype_src/cff/cffload.c:1584:3:cff_get_var_blend	48	static
../source/freetype/freetype_src/cff/cffload.c:1603:3:cff_done_blend	24	static
../source/freetype/freetype_src/cff/cffload.c:1617:3:cff_encoding_done	16	static
../source/freetype/freetype_src/cff/cffload.c:1626:3:cff_encoding_load	72	static
../source/freetype/freetype_src/cff/cffload.c:1871:3:cff_load_private_dict	112	static
../source/freetype/freetype_src/cff/cffload.c:1978:3:cff_subfont_load	120	static
../source/freetype/freetype_src/cff/cffload.c:2159:3:cff_subfont_done	16	static
../source/freetype/freetype_src/cff/cffload.c:2175:3:cff_font_load	152	static
../source/freetype/freetype_src/cff/cffload.c:2523:3:cff_font_done	24	static
