../source/freetype/freetype_src/cff/cffobjs.c:66:3:cff_size_get_globals_funcs	32	static
../source/freetype/freetype_src/cff/cffobjs.c:83:3:cff_size_done	48	static
../source/freetype/freetype_src/cff/cffobjs.c:118:3:cff_make_private_dict	32	static
../source/freetype/freetype_src/cff/cffobjs.c:166:3:cff_size_init	248	static
../source/freetype/freetype_src/cff/cffobjs.c:227:3:cff_size_select	80	static
../source/freetype/freetype_src/cff/cffobjs.c:284:3:cff_size_request	96	static
../source/freetype/freetype_src/cff/cffobjs.c:365:3:cff_slot_done	16	static
../source/freetype/freetype_src/cff/cffobjs.c:373:3:cff_slot_init	40	static
../source/freetype/freetype_src/cff/cffobjs.c:407:3:cff_strcpy	24	static
../source/freetype/freetype_src/cff/cffobjs.c:425:3:remove_subset_prefix	32	static
../source/freetype/freetype_src/cff/cffobjs.c:450:3:remove_style	24	static
../source/freetype/freetype_src/cff/cffobjs.c:471:3:cff_face_init	224	static
../source/freetype/freetype_src/cff/cffobjs.c:1096:3:cff_face_done	32	static
../source/freetype/freetype_src/cff/cffobjs.c:1131:3:cff_driver_init	24	static
../source/freetype/freetype_src/cff/cffobjs.c:1169:3:cff_driver_done	16	static
