../source/freetype/freetype_src/cff/cffparse.c:41:3:cff_parser_init	40	static
../source/freetype/freetype_src/cff/cffparse.c:77:3:cff_parser_done	24	static
../source/freetype/freetype_src/cff/cffparse.c:96:3:cff_parse_integer	32	static
../source/freetype/freetype_src/cff/cffparse.c:183:3:cff_parse_real	80	static
../source/freetype/freetype_src/cff/cffparse.c:458:3:cff_parse_num	16	static
../source/freetype/freetype_src/cff/cffparse.c:496:3:do_fixed	32	static
../source/freetype/freetype_src/cff/cffparse.c:558:3:cff_parse_fixed	16	static
../source/freetype/freetype_src/cff/cffparse.c:568:3:cff_parse_fixed_scaled	24	static
../source/freetype/freetype_src/cff/cffparse.c:580:3:cff_parse_fixed_dynamic	32	static
../source/freetype/freetype_src/cff/cffparse.c:623:3:cff_parse_font_matrix	112	static
../source/freetype/freetype_src/cff/cffparse.c:750:3:cff_parse_font_bbox	32	static
../source/freetype/freetype_src/cff/cffparse.c:780:3:cff_parse_private_dict	32	static
../source/freetype/freetype_src/cff/cffparse.c:827:3:cff_parse_multiple_master	32	static
../source/freetype/freetype_src/cff/cffparse.c:874:3:cff_parse_cid_ros	32	static
../source/freetype/freetype_src/cff/cffparse.c:906:3:cff_parse_vsindex	32	static
../source/freetype/freetype_src/cff/cffparse.c:942:3:cff_parse_blend	40	static
../source/freetype/freetype_src/cff/cffparse.c:997:3:cff_parse_maxstack	32	static
../source/freetype/freetype_src/cff/cffparse.c:1153:3:cff_parser_run	72	static
