../lwip/src/core/ipv4/igmp.c:115:1:igmp_init	4	static
../lwip/src/core/ipv4/igmp.c:129:1:igmp_start	24	static
../lwip/src/core/ipv4/igmp.c:161:1:igmp_stop	24	static
../lwip/src/core/ipv4/igmp.c:193:1:igmp_report_groups	24	static
../lwip/src/core/ipv4/igmp.c:219:1:igmp_lookfor_group	24	static
../lwip/src/core/ipv4/igmp.c:245:1:igmp_lookup_group	24	static
../lwip/src/core/ipv4/igmp.c:296:1:igmp_remove_group	24	static
../lwip/src/core/ipv4/igmp.c:324:1:igmp_input	40	static
../lwip/src/core/ipv4/igmp.c:454:1:igmp_joingroup	24	static
../lwip/src/core/ipv4/igmp.c:490:1:igmp_joingroup_netif	24	static
../lwip/src/core/ipv4/igmp.c:551:1:igmp_leavegroup	32	static
../lwip/src/core/ipv4/igmp.c:586:1:igmp_leavegroup_netif	24	static
../lwip/src/core/ipv4/igmp.c:646:1:igmp_tmr	16	static
../lwip/src/core/ipv4/igmp.c:672:1:igmp_timeout	16	static
../lwip/src/core/ipv4/igmp.c:697:1:igmp_start_timer	16	static
../lwip/src/core/ipv4/igmp.c:718:1:igmp_delaying_member	16	static
../lwip/src/core/ipv4/igmp.c:746:1:igmp_ip_output_if	56	static
../lwip/src/core/ipv4/igmp.c:763:1:igmp_send	40	static
