../source/freetype/freetype_src/smooth/ftgrays.c:571:3:gray_set_cell	40	static
../source/freetype/freetype_src/smooth/ftgrays.c:874:3:gray_render_line	384	static
../source/freetype/freetype_src/smooth/ftgrays.c:1013:3:gray_render_conic	272	static
../source/freetype/freetype_src/smooth/ftgrays.c:1249:3:gray_split_cubic	32	static
../source/freetype/freetype_src/smooth/ftgrays.c:1281:3:gray_render_cubic	432	static
../source/freetype/freetype_src/smooth/ftgrays.c:1340:3:gray_move_to	32	static
../source/freetype/freetype_src/smooth/ftgrays.c:1362:3:gray_line_to	24	static
../source/freetype/freetype_src/smooth/ftgrays.c:1375:3:gray_conic_to	32	static
../source/freetype/freetype_src/smooth/ftgrays.c:1389:3:gray_cubic_to	32	static
../source/freetype/freetype_src/smooth/ftgrays.c:1704:3:gray_convert_glyph_inner	24	static
../source/freetype/freetype_src/smooth/ftgrays.c:1729:3:gray_sweep	56	static
../source/freetype/freetype_src/smooth/ftgrays.c:1779:3:gray_sweep_direct	152	static
../source/freetype/freetype_src/smooth/ftgrays.c:1862:3:gray_convert_glyph	16560	static
../source/freetype/freetype_src/smooth/ftgrays.c:1964:3:gray_raster_render	136	static
../source/freetype/freetype_src/smooth/ftgrays.c:2077:3:gray_raster_new	32	static
../source/freetype/freetype_src/smooth/ftgrays.c:2097:3:gray_raster_done	24	static
../source/freetype/freetype_src/smooth/ftgrays.c:2109:3:gray_raster_reset	24	static
../source/freetype/freetype_src/smooth/ftgrays.c:2120:3:gray_raster_set_mode	24	static
