../source/freetype/freetype_src/sfnt/sfdriver.c:87:3:sfnt_load_table	40	static
../source/freetype/freetype_src/sfnt/sfdriver.c:101:3:get_sfnt_table	24	static
../source/freetype/freetype_src/sfnt/sfdriver.c:148:3:sfnt_table_info	32	static
../source/freetype/freetype_src/sfnt/sfdriver.c:193:3:sfnt_get_glyph_name	32	static
../source/freetype/freetype_src/sfnt/sfdriver.c:211:3:sfnt_get_name_index	40	static
../source/freetype/freetype_src/sfnt/sfdriver.c:275:3:sfnt_is_postscript	24	static
../source/freetype/freetype_src/sfnt/sfdriver.c:297:3:sfnt_is_alphanumeric	16	static
../source/freetype/freetype_src/sfnt/sfdriver.c:310:3:fmix32	16	static
../source/freetype/freetype_src/sfnt/sfdriver.c:323:3:murmur_hash_3_128	112	static
../source/freetype/freetype_src/sfnt/sfdriver.c:515:3:get_win_string	48	static
../source/freetype/freetype_src/sfnt/sfdriver.c:571:3:get_apple_string	48	static
../source/freetype/freetype_src/sfnt/sfdriver.c:627:3:sfnt_get_name_id	32	static
../source/freetype/freetype_src/sfnt/sfdriver.c:687:3:fixed2float	48	static
../source/freetype/freetype_src/sfnt/sfdriver.c:804:3:sfnt_get_var_ps_name	152	static
../source/freetype/freetype_src/sfnt/sfdriver.c:1070:3:sfnt_get_ps_name	56	static
../source/freetype/freetype_src/sfnt/sfdriver.c:1137:3:sfnt_get_charset_id	48	static
../source/freetype/freetype_src/sfnt/sfdriver.c:1223:3:sfnt_get_interface	16	static
