../source/freetype/freetype_src/sfnt/ttcmap.c:62:3:tt_cmap_init	24	static
../source/freetype/freetype_src/sfnt/ttcmap.c:99:3:tt_cmap0_validate	32	static
../source/freetype/freetype_src/sfnt/ttcmap.c:135:3:tt_cmap0_char_index	24	static
../source/freetype/freetype_src/sfnt/ttcmap.c:147:3:tt_cmap0_char_next	40	static
../source/freetype/freetype_src/sfnt/ttcmap.c:174:3:tt_cmap0_get_info	24	static
../source/freetype/freetype_src/sfnt/ttcmap.c:301:3:tt_cmap2_validate	80	static
../source/freetype/freetype_src/sfnt/ttcmap.c:410:3:tt_cmap2_get_subheader	40	static
../source/freetype/freetype_src/sfnt/ttcmap.c:463:3:tt_cmap2_char_index	56	static
../source/freetype/freetype_src/sfnt/ttcmap.c:503:3:tt_cmap2_char_next	72	static
../source/freetype/freetype_src/sfnt/ttcmap.c:591:3:tt_cmap2_get_info	24	static
../source/freetype/freetype_src/sfnt/ttcmap.c:719:3:tt_cmap4_init	32	static
../source/freetype/freetype_src/sfnt/ttcmap.c:739:3:tt_cmap4_set_range	40	static
../source/freetype/freetype_src/sfnt/ttcmap.c:801:3:tt_cmap4_next	56	static
../source/freetype/freetype_src/sfnt/ttcmap.c:900:3:tt_cmap4_validate	120	static
../source/freetype/freetype_src/sfnt/ttcmap.c:1104:3:tt_cmap4_char_map_linear	80	static
../source/freetype/freetype_src/sfnt/ttcmap.c:1233:3:tt_cmap4_char_map_binary	104	static
../source/freetype/freetype_src/sfnt/ttcmap.c:1483:3:tt_cmap4_char_index	24	static
../source/freetype/freetype_src/sfnt/ttcmap.c:1500:3:tt_cmap4_char_next	32	static
../source/freetype/freetype_src/sfnt/ttcmap.c:1534:3:tt_cmap4_get_info	24	static
../source/freetype/freetype_src/sfnt/ttcmap.c:1601:3:tt_cmap6_validate	32	static
../source/freetype/freetype_src/sfnt/ttcmap.c:1639:3:tt_cmap6_char_index	48	static
../source/freetype/freetype_src/sfnt/ttcmap.c:1662:3:tt_cmap6_char_next	56	static
../source/freetype/freetype_src/sfnt/ttcmap.c:1707:3:tt_cmap6_get_info	24	static
../source/freetype/freetype_src/sfnt/ttcmap.c:1802:3:tt_cmap8_validate	72	static
../source/freetype/freetype_src/sfnt/ttcmap.c:1902:3:tt_cmap8_char_index	48	static
../source/freetype/freetype_src/sfnt/ttcmap.c:1936:3:tt_cmap8_char_next	64	static
../source/freetype/freetype_src/sfnt/ttcmap.c:2004:3:tt_cmap8_get_info	24	static
../source/freetype/freetype_src/sfnt/ttcmap.c:2070:3:tt_cmap10_validate	32	static
../source/freetype/freetype_src/sfnt/ttcmap.c:2109:3:tt_cmap10_char_index	48	static
../source/freetype/freetype_src/sfnt/ttcmap.c:2137:3:tt_cmap10_char_next	48	static
../source/freetype/freetype_src/sfnt/ttcmap.c:2179:3:tt_cmap10_get_info	24	static
../source/freetype/freetype_src/sfnt/ttcmap.c:2261:3:tt_cmap12_init	24	static
../source/freetype/freetype_src/sfnt/ttcmap.c:2280:3:tt_cmap12_validate	56	static
../source/freetype/freetype_src/sfnt/ttcmap.c:2343:3:tt_cmap12_next	56	static
../source/freetype/freetype_src/sfnt/ttcmap.c:2403:3:tt_cmap12_char_map_binary	72	static
../source/freetype/freetype_src/sfnt/ttcmap.c:2485:3:tt_cmap12_char_index	16	static
../source/freetype/freetype_src/sfnt/ttcmap.c:2493:3:tt_cmap12_char_next	24	static
../source/freetype/freetype_src/sfnt/ttcmap.c:2523:3:tt_cmap12_get_info	24	static
../source/freetype/freetype_src/sfnt/ttcmap.c:2605:3:tt_cmap13_init	24	static
../source/freetype/freetype_src/sfnt/ttcmap.c:2624:3:tt_cmap13_validate	48	static
../source/freetype/freetype_src/sfnt/ttcmap.c:2682:3:tt_cmap13_next	56	static
../source/freetype/freetype_src/sfnt/ttcmap.c:2724:3:tt_cmap13_char_map_binary	72	static
../source/freetype/freetype_src/sfnt/ttcmap.c:2801:3:tt_cmap13_char_index	16	static
../source/freetype/freetype_src/sfnt/ttcmap.c:2809:3:tt_cmap13_char_next	24	static
../source/freetype/freetype_src/sfnt/ttcmap.c:2839:3:tt_cmap13_get_info	24	static
../source/freetype/freetype_src/sfnt/ttcmap.c:2958:3:tt_cmap14_done	24	static
../source/freetype/freetype_src/sfnt/ttcmap.c:2971:3:tt_cmap14_ensure	40	static
../source/freetype/freetype_src/sfnt/ttcmap.c:2994:3:tt_cmap14_init	24	static
../source/freetype/freetype_src/sfnt/ttcmap.c:3013:3:tt_cmap14_validate	96	static
../source/freetype/freetype_src/sfnt/ttcmap.c:3136:3:tt_cmap14_char_index	16	static
../source/freetype/freetype_src/sfnt/ttcmap.c:3148:3:tt_cmap14_char_next	16	static
../source/freetype/freetype_src/sfnt/ttcmap.c:3160:3:tt_cmap14_get_info	16	static
../source/freetype/freetype_src/sfnt/ttcmap.c:3174:3:tt_cmap14_char_map_def_binary	48	static
../source/freetype/freetype_src/sfnt/ttcmap.c:3208:3:tt_cmap14_char_map_nondef_binary	40	static
../source/freetype/freetype_src/sfnt/ttcmap.c:3241:3:tt_cmap14_find_variant	40	static
../source/freetype/freetype_src/sfnt/ttcmap.c:3274:3:tt_cmap14_char_var_index	48	static
../source/freetype/freetype_src/sfnt/ttcmap.c:3311:3:tt_cmap14_char_var_isdefault	40	static
../source/freetype/freetype_src/sfnt/ttcmap.c:3342:3:tt_cmap14_variants	40	static
../source/freetype/freetype_src/sfnt/ttcmap.c:3369:3:tt_cmap14_char_variants	56	static
../source/freetype/freetype_src/sfnt/ttcmap.c:3408:3:tt_cmap14_def_char_count	24	static
../source/freetype/freetype_src/sfnt/ttcmap.c:3426:3:tt_cmap14_get_def_chars	48	static
../source/freetype/freetype_src/sfnt/ttcmap.c:3463:3:tt_cmap14_get_nondef_chars	40	static
../source/freetype/freetype_src/sfnt/ttcmap.c:3491:3:tt_cmap14_variant_chars	88	static
../source/freetype/freetype_src/sfnt/ttcmap.c:3667:3:tt_get_glyph_name	24	static
../source/freetype/freetype_src/sfnt/ttcmap.c:3681:3:tt_cmap_unicode_init	48	static
../source/freetype/freetype_src/sfnt/ttcmap.c:3705:3:tt_cmap_unicode_done	32	static
../source/freetype/freetype_src/sfnt/ttcmap.c:3718:3:tt_cmap_unicode_char_index	32	static
../source/freetype/freetype_src/sfnt/ttcmap.c:3731:3:tt_cmap_unicode_char_next	32	static
../source/freetype/freetype_src/sfnt/ttcmap.c:3780:3:tt_face_build_cmaps	264	static
../source/freetype/freetype_src/sfnt/ttcmap.c:3888:3:tt_get_cmap_info	24	static
