../source/freetype/freetype_src/sfnt/../../freetype_include/freetype/internal/ftcalc.h:91:3:FT_MulFix_64	56	static
../source/freetype/freetype_src/sfnt/ttcolr.c:159:3:tt_face_load_colr	112	static
../source/freetype/freetype_src/sfnt/ttcolr.c:384:3:tt_face_free_colr	32	static
../source/freetype/freetype_src/sfnt/ttcolr.c:412:3:find_base_glyph_record	48	static
../source/freetype/freetype_src/sfnt/ttcolr.c:448:3:tt_face_get_colr_layer	40	static
../source/freetype/freetype_src/sfnt/ttcolr.c:507:3:read_color_line	32	static
../source/freetype/freetype_src/sfnt/ttcolr.c:541:3:get_child_table_pointer	32	static
../source/freetype/freetype_src/sfnt/ttcolr.c:575:3:get_deltas_for_var_index_base	56	static
../source/freetype/freetype_src/sfnt/ttcolr.c:626:3:read_paint	96	static
../source/freetype/freetype_src/sfnt/ttcolr.c:1272:3:find_base_glyph_v1_record	48	static
../source/freetype/freetype_src/sfnt/ttcolr.c:1312:3:tt_face_get_colr_glyph_paint	40	static
../source/freetype/freetype_src/sfnt/ttcolr.c:1358:3:tt_face_get_color_glyph_clipbox	152	static
../source/freetype/freetype_src/sfnt/ttcolr.c:1519:3:tt_face_get_paint_layers	48	static
../source/freetype/freetype_src/sfnt/ttcolr.c:1590:3:tt_face_get_colorline_stops	64	static
../source/freetype/freetype_src/sfnt/ttcolr.c:1666:3:tt_face_get_paint	56	static
../source/freetype/freetype_src/sfnt/ttcolr.c:1742:3:tt_face_colr_blend_layer	136	static
