/Users/harishankar/Documents/gitClone/MIMXRT1064_Project_LED/drivers/fsl_common_arm.h:232:20:_SDK_AtomicLocalClearAndSet4Byte	48	static
/Users/harishankar/Documents/gitClone/MIMXRT1064_Project_LED/drivers/fsl_clock.h:1497:20:CLOCK_ControlGate	32	static
/Users/harishankar/Documents/gitClone/MIMXRT1064_Project_LED/drivers/fsl_clock.h:1514:20:CLOCK_EnableClock	16	static
/Users/harishankar/Documents/gitClone/MIMXRT1064_Project_LED/drivers/fsl_gpio.h:101:20:GPIO_WritePinOutput	24	static
/Users/harishankar/Documents/gitClone/MIMXRT1064_Project_LED/drivers/fsl_iomuxc.h:1324:20:IOMUXC_EnableMode	24	static
../source/HAL/EthernetInterface/Ethernet.c:60:6:ENET_EthernetInit	56	static
../source/HAL/EthernetInterface/Ethernet.c:111:6:ENET_Test	8	static
../source/HAL/EthernetInterface/Ethernet.c:131:6:ENET_SetStaticIP	32	static
../source/HAL/EthernetInterface/Ethernet.c:152:6:ENET_InitModuleClock	16	static
../source/HAL/EthernetInterface/Ethernet.c:174:6:LinkStatusCallback	32	static
../source/HAL/EthernetInterface/Ethernet.c:226:6:MDIOInit	8	static
../source/HAL/EthernetInterface/Ethernet.c:241:10:MDIOWrite	16	static
../source/HAL/EthernetInterface/Ethernet.c:255:10:MDIORead	16	static
