../drivers/fsl_common_arm.h:232:20:_SDK_AtomicLocalClearAndSet4Byte	48	static
../drivers/fsl_clock.h:1497:20:CLOCK_ControlGate	32	static
../drivers/fsl_clock.h:1514:20:CLOCK_EnableClock	16	static
../drivers/fsl_clock.h:1524:20:CLOCK_DisableClock	16	static
../drivers/fsl_semc.h:859:24:SEMC_BuildNandIPCommand	16	static
../drivers/fsl_semc.c:164:17:SEMC_GetInstance	24	static
../drivers/fsl_semc.c:182:17:SEMC_CovertMemorySize	24	static
../drivers/fsl_semc.c:206:16:SEMC_ConvertTiming	24	static
../drivers/fsl_semc.c:225:17:SEMC_ConfigureIPCommand	24	static
../drivers/fsl_semc.c:262:17:SEMC_IsIPCommandDone	24	static
../drivers/fsl_semc.c:298:6:SEMC_GetDefaultConfig	24	static
../drivers/fsl_semc.c:334:6:SEMC_Init	24	static
../drivers/fsl_semc.c:395:6:SEMC_Deinit	16	static
../drivers/fsl_semc.c:422:10:SEMC_ConfigureSDRAM	80	static
../drivers/fsl_semc.c:561:10:SEMC_ConfigureNAND	40	static
../drivers/fsl_semc.c:658:10:SEMC_ConfigureNOR	48	static
../drivers/fsl_semc.c:800:10:SEMC_ConfigureSRAM	24	static
../drivers/fsl_semc.c:813:10:SEMC_ConfigureSRAMWithChipSelection	56	static
../drivers/fsl_semc.c:1115:10:SEMC_ConfigureDBI	48	static
../drivers/fsl_semc.c:1202:10:SEMC_SendIPCommand	40	static
../drivers/fsl_semc.c:1275:10:SEMC_IPCommandNandWrite	48	static
../drivers/fsl_semc.c:1324:10:SEMC_IPCommandNandRead	48	static
../drivers/fsl_semc.c:1372:10:SEMC_IPCommandNorRead	48	static
../drivers/fsl_semc.c:1419:10:SEMC_IPCommandNorWrite	48	static
