../drivers/fsl_lpspi.h:528:20:LPSPI_Enable	16	static
../drivers/fsl_lpspi.h:583:23:LPSPI_GetRxFifoSize	16	static
../drivers/fsl_lpspi.h:603:24:LPSPI_GetRxFifoCount	16	static
../drivers/fsl_lpspi.h:621:20:LPSPI_ClearStatusFlags	16	static
../drivers/fsl_lpspi.h:635:24:LPSPI_GetTcr	32	static
../drivers/fsl_lpspi.h:691:20:LPSPI_DisableInterrupts	16	static
../drivers/fsl_lpspi.h:716:20:LPSPI_EnableDMA	16	static
../drivers/fsl_lpspi.h:732:20:LPSPI_DisableDMA	16	static
../drivers/fsl_lpspi.h:747:24:LPSPI_GetTxRegisterAddress	16	static
../drivers/fsl_lpspi.h:762:24:LPSPI_GetRxRegisterAddress	16	static
../drivers/fsl_lpspi.h:821:20:LPSPI_SetPCSContinous	24	static
../drivers/fsl_lpspi.h:852:20:LPSPI_FlushFifo	16	static
../drivers/fsl_lpspi.h:901:20:LPSPI_SetFifoWatermarks	24	static
../drivers/fsl_lpspi.h:1060:24:LPSPI_ReadData	16	static
../drivers/fsl_lpspi_edma.c:82:13:LPSPI_SeparateEdmaReadData	24	static
../drivers/fsl_lpspi_edma.c:160:6:LPSPI_MasterTransferCreateHandleEDMA	32	static
../drivers/fsl_lpspi_edma.c:187:13:LPSPI_PrepareTransferEDMA	16	static
../drivers/fsl_lpspi_edma.c:208:10:LPSPI_MasterTransferPrepareEDMALite	48	static
../drivers/fsl_lpspi_edma.c:291:10:LPSPI_MasterTransferEDMALite	112	static
../drivers/fsl_lpspi_edma.c:670:10:LPSPI_MasterTransferEDMA	32	static
../drivers/fsl_lpspi_edma.c:681:13:EDMA_LpspiMasterCallback	64	static
../drivers/fsl_lpspi_edma.c:803:6:LPSPI_MasterTransferAbortEDMA	16	static
../drivers/fsl_lpspi_edma.c:825:10:LPSPI_MasterTransferGetCountEDMA	40	static
../drivers/fsl_lpspi_edma.c:872:6:LPSPI_SlaveTransferCreateHandleEDMA	32	static
../drivers/fsl_lpspi_edma.c:915:10:LPSPI_SlaveTransferEDMA	112	static
../drivers/fsl_lpspi_edma.c:1215:13:EDMA_LpspiSlaveCallback	56	static
../drivers/fsl_lpspi_edma.c:1277:6:LPSPI_SlaveTransferAbortEDMA	16	static
../drivers/fsl_lpspi_edma.c:1299:10:LPSPI_SlaveTransferGetCountEDMA	40	static
