../drivers/fsl_common_arm.h:232:20:_SDK_AtomicLocalClearAndSet4Byte	48	static
../drivers/fsl_clock.h:1497:20:CLOCK_ControlGate	32	static
../drivers/fsl_clock.h:1514:20:CLOCK_EnableClock	16	static
../drivers/fsl_clock.h:1524:20:CLOCK_DisableClock	16	static
../drivers/fsl_trng.c:1385:17:trng_GetInstance	24	static
../drivers/fsl_trng.c:1418:10:TRNG_GetDefaultConfig	24	static
../drivers/fsl_trng.c:1483:17:trng_SetRetryCount	24	static
../drivers/fsl_trng.c:1505:17:trng_SetMonobitLimit	32	static
../drivers/fsl_trng.c:1530:17:trng_SetRunBit1Limit	32	static
../drivers/fsl_trng.c:1554:17:trng_SetRunBit2Limit	32	static
../drivers/fsl_trng.c:1578:17:trng_SetRunBit3Limit	32	static
../drivers/fsl_trng.c:1601:17:trng_SetRunBit4Limit	32	static
../drivers/fsl_trng.c:1626:17:trng_SetRunBit5Limit	32	static
../drivers/fsl_trng.c:1651:17:trng_SetRunBit6Limit	32	static
../drivers/fsl_trng.c:1676:17:trng_SetPokerMaxLimit	32	static
../drivers/fsl_trng.c:1701:17:trng_SetFrequencyCountMaxLimit	32	static
../drivers/fsl_trng.c:1726:17:trng_SetStatisticalCheckLimit	32	static
../drivers/fsl_trng.c:1799:17:trng_ApplyUserConfig	24	static
../drivers/fsl_trng.c:1890:17:trng_ReadEntropy	24	static
../drivers/fsl_trng.c:1920:10:TRNG_Init	24	static
../drivers/fsl_trng.c:1999:6:TRNG_Deinit	16	static
../drivers/fsl_trng.c:2034:10:TRNG_GetRandomData	64	static
