../lvgl/src/libs/freetype/../../../src/stdlib/lv_string.h:73:20:lv_memzero	16	static
../lvgl/src/libs/freetype/lv_freetype_outline.c:61:14:lv_freetype_create_draw_data_outline	40	static
../lvgl/src/libs/freetype/lv_freetype_outline.c:77:6:lv_freetype_set_cbs_outline_font	32	static
../lvgl/src/libs/freetype/lv_freetype_outline.c:84:6:lv_freetype_outline_add_event	32	static
../lvgl/src/libs/freetype/lv_freetype_outline.c:93:10:lv_freetype_outline_get_scale	40	static
../lvgl/src/libs/freetype/lv_freetype_outline.c:102:6:lv_freetype_is_outline_font	40	static
../lvgl/src/libs/freetype/lv_freetype_outline.c:121:13:freetype_glyph_outline_create_cb	40	static
../lvgl/src/libs/freetype/lv_freetype_outline.c:143:13:freetype_glyph_outline_free_cb	24	static
../lvgl/src/libs/freetype/lv_freetype_outline.c:152:31:freetype_glyph_outline_cmp_cb	16	static
../lvgl/src/libs/freetype/lv_freetype_outline.c:161:21:freetype_get_glyph_bitmap_cb	48	static
../lvgl/src/libs/freetype/lv_freetype_outline.c:179:13:freetype_release_glyph_cb	40	static
../lvgl/src/libs/freetype/lv_freetype_outline.c:191:27:lv_freetype_outline_lookup	40	static
../lvgl/src/libs/freetype/lv_freetype_outline.c:206:13:ft_vector_to_lv_vector	16	static
../lvgl/src/libs/freetype/lv_freetype_outline.c:212:20:outline_send_event	64	static
../lvgl/src/libs/freetype/lv_freetype_outline.c:231:20:outline_push_point	64	static
../lvgl/src/libs/freetype/lv_freetype_outline.c:251:12:outline_move_to_cb	32	static
../lvgl/src/libs/freetype/lv_freetype_outline.c:260:12:outline_line_to_cb	32	static
../lvgl/src/libs/freetype/lv_freetype_outline.c:269:12:outline_conic_to_cb	40	static
../lvgl/src/libs/freetype/lv_freetype_outline.c:279:12:outline_cubic_to_cb	40	static
../lvgl/src/libs/freetype/lv_freetype_outline.c:290:30:outline_create	120	static
../lvgl/src/libs/freetype/lv_freetype_outline.c:364:20:outline_delete	48	static
