../source/freetype/freetype_src/pshinter/../../freetype_include/freetype/internal/../internal/ftcalc.h:91:3:FT_MulFix_64	56	static
../source/freetype/freetype_src/pshinter/pshalgo.c:52:3:psh_hint_overlap	16	static
../source/freetype/freetype_src/pshinter/pshalgo.c:62:3:psh_hint_table_done	16	static
../source/freetype/freetype_src/pshinter/pshalgo.c:79:3:psh_hint_table_deactivate	24	static
../source/freetype/freetype_src/pshinter/pshalgo.c:95:3:psh_hint_table_record	32	static
../source/freetype/freetype_src/pshinter/pshalgo.c:142:3:psh_hint_table_record_mask	40	static
../source/freetype/freetype_src/pshinter/pshalgo.c:170:3:psh_hint_table_init	56	static
../source/freetype/freetype_src/pshinter/pshalgo.c:243:3:psh_hint_table_activate_mask	72	static
../source/freetype/freetype_src/pshinter/pshalgo.c:344:3:psh_dimension_quantize_len	32	static
../source/freetype/freetype_src/pshinter/pshalgo.c:422:3:psh_hint_snap_stem_side_delta	24	static
../source/freetype/freetype_src/pshinter/pshalgo.c:437:3:psh_hint_align	104	static
../source/freetype/freetype_src/pshinter/pshalgo.c:846:3:psh_hint_table_align_hints	32	static
../source/freetype/freetype_src/pshinter/pshalgo.c:927:3:psh_glyph_compute_inflections	72	static
../source/freetype/freetype_src/pshinter/pshalgo.c:1035:3:psh_glyph_done	24	static
../source/freetype/freetype_src/pshinter/pshalgo.c:1054:3:psh_compute_dir	32	static
../source/freetype/freetype_src/pshinter/pshalgo.c:1081:3:psh_glyph_load_points	32	static
../source/freetype/freetype_src/pshinter/pshalgo.c:1115:3:psh_glyph_save_points	32	static
../source/freetype/freetype_src/pshinter/pshalgo.c:1155:3:psh_glyph_init	120	static
../source/freetype/freetype_src/pshinter/pshalgo.c:1290:3:psh_glyph_compute_extrema	48	static
../source/freetype/freetype_src/pshinter/pshalgo.c:1410:3:psh_hint_table_find_strong_points	96	static
../source/freetype/freetype_src/pshinter/pshalgo.c:1558:3:psh_glyph_find_strong_points	88	static
../source/freetype/freetype_src/pshinter/pshalgo.c:1637:3:psh_glyph_find_blue_points	48	static
../source/freetype/freetype_src/pshinter/pshalgo.c:1712:3:psh_glyph_interpolate_strong_points	48	static
../source/freetype/freetype_src/pshinter/pshalgo.c:1763:3:psh_glyph_interpolate_normal_points	152	static
../source/freetype/freetype_src/pshinter/pshalgo.c:1917:3:psh_glyph_interpolate_other_points	96	static
../source/freetype/freetype_src/pshinter/pshalgo.c:2063:3:ps_hints_apply	200	static
