../source/freetype/freetype_src/cache/ftcmanag.c:33:3:ftc_scaler_lookup_size	56	static
../source/freetype/freetype_src/cache/ftcmanag.c:84:3:ftc_size_node_done	24	static
../source/freetype/freetype_src/cache/ftcmanag.c:96:3:ftc_size_node_compare	32	static
../source/freetype/freetype_src/cache/ftcmanag.c:114:3:ftc_size_node_init	56	static
../source/freetype/freetype_src/cache/ftcmanag.c:149:3:ftc_size_node_compare_faceid	24	static
../source/freetype/freetype_src/cache/ftcmanag.c:163:3:FTC_Manager_LookupSize	48	static
../source/freetype/freetype_src/cache/ftcmanag.c:215:3:ftc_face_node_init	56	static
../source/freetype/freetype_src/cache/ftcmanag.c:245:3:ftc_face_node_done	24	static
../source/freetype/freetype_src/cache/ftcmanag.c:266:3:ftc_face_node_compare	24	static
../source/freetype/freetype_src/cache/ftcmanag.c:291:3:FTC_Manager_LookupFace	48	static
../source/freetype/freetype_src/cache/ftcmanag.c:336:3:FTC_Manager_New	48	static
../source/freetype/freetype_src/cache/ftcmanag.c:403:3:FTC_Manager_Done	32	static
../source/freetype/freetype_src/cache/ftcmanag.c:438:3:FTC_Manager_Reset	16	static
../source/freetype/freetype_src/cache/ftcmanag.c:519:3:FTC_Manager_Compress	32	static
../source/freetype/freetype_src/cache/ftcmanag.c:557:3:FTC_Manager_RegisterCache	48	static
../source/freetype/freetype_src/cache/ftcmanag.c:609:3:FTC_Manager_FlushN	32	static
../source/freetype/freetype_src/cache/ftcmanag.c:643:3:FTC_Manager_RemoveFaceID	24	static
../source/freetype/freetype_src/cache/ftcmanag.c:667:3:FTC_Node_Unref	16	static
