../lvgl/src/libs/bin_decoder/lv_bin_decoder.c:95:6:lv_bin_decoder_init	32	static
../lvgl/src/libs/bin_decoder/lv_bin_decoder.c:114:13:lv_bin_decoder_info	48	static
../lvgl/src/libs/bin_decoder/lv_bin_decoder.c:180:13:lv_bin_decoder_open	144	static
../lvgl/src/libs/bin_decoder/lv_bin_decoder.c:365:6:lv_bin_decoder_close	24	static
../lvgl/src/libs/bin_decoder/lv_bin_decoder.c:378:13:lv_bin_decoder_get_area	112	static
../lvgl/src/libs/bin_decoder/lv_bin_decoder.c:520:25:get_decoder_data	40	static
../lvgl/src/libs/bin_decoder/lv_bin_decoder.c:537:13:free_decoder_data	24	static
../lvgl/src/libs/bin_decoder/lv_bin_decoder.c:554:20:decode_indexed	88	static
../lvgl/src/libs/bin_decoder/lv_bin_decoder.c:676:20:load_indexed	24	static
../lvgl/src/libs/bin_decoder/lv_bin_decoder.c:809:23:bit_extend	24	static
../lvgl/src/libs/bin_decoder/lv_bin_decoder.c:823:20:decode_alpha_only	80	static
../lvgl/src/libs/bin_decoder/lv_bin_decoder.c:894:20:decode_compressed	24	static
../lvgl/src/libs/bin_decoder/lv_bin_decoder.c:1012:20:decode_indexed_line	40	static
../lvgl/src/libs/bin_decoder/lv_bin_decoder.c:1060:20:fs_read_file_at	32	static
../lvgl/src/libs/bin_decoder/lv_bin_decoder.c:1078:20:decompress_image	56	static
