../usb/host/usb_host_devices.c:186:13:USB_HostEnumerationTransferCallback	40	static
../usb/host/usb_host_devices.c:311:21:USB_HostProcessState	40	static
../usb/host/usb_host_devices.c:411:21:USB_HostProcessCallback	40	static
../usb/host/usb_host_devices.c:580:21:USB_HostNotifyDevice	40	static
../usb/host/usb_host_devices.c:659:16:USB_HostAllocateDeviceAddress	24	static
../usb/host/usb_host_devices.c:686:13:USB_HostReleaseDeviceAddress	16	static
../usb/host/usb_host_devices.c:694:21:USB_HostRemoveDeviceInstance	32	static
../usb/host/usb_host_devices.c:730:13:USB_HostReleaseDeviceResource	24	static
../usb/host/usb_host_devices.c:801:21:USB_HostParseDeviceConfigurationDescriptor	48	static
../usb/host/usb_host_devices.c:1044:14:USB_HostAttachDevice	48	static
../usb/host/usb_host_devices.c:1212:14:USB_HostDetachDevice	24	static
../usb/host/usb_host_devices.c:1245:14:USB_HostDetachDeviceInternal	24	static
../usb/host/usb_host_devices.c:1281:9:USB_HostGetDeviceAttachState	16	static
../usb/host/usb_host_devices.c:1286:14:USB_HostValidateDevice	24	static
../usb/host/usb_host_devices.c:1308:21:USB_HostControlBus	24	static
../usb/host/usb_host_devices.c:1324:14:USB_HostOpenDeviceInterface	32	static
../usb/host/usb_host_devices.c:1374:14:USB_HostCloseDeviceInterface	32	static
../usb/host/usb_host_devices.c:1457:14:USB_HostRemoveDevice	32	static
