../lvgl/src/themes/default/../../../src/core/../misc/lv_style.h:555:20:lv_style_set_size	24	static
../lvgl/src/themes/default/../../../src/core/../misc/lv_style.h:561:20:lv_style_set_pad_all	16	static
../lvgl/src/themes/default/../../../src/core/../misc/lv_style.h:569:20:lv_style_set_pad_hor	16	static
../lvgl/src/themes/default/../../../src/core/../misc/lv_style.h:575:20:lv_style_set_pad_ver	16	static
../lvgl/src/themes/default/../../../src/core/../misc/lv_style.h:581:20:lv_style_set_pad_gap	16	static
../lvgl/src/themes/default/lv_theme_default.c:208:19:dark_color_filter_cb	32	static
../lvgl/src/themes/default/lv_theme_default.c:214:19:grey_filter_cb	40	static
../lvgl/src/themes/default/lv_theme_default.c:221:13:style_init	96	static
../lvgl/src/themes/default/lv_theme_default.c:659:14:lv_theme_default_init	56	static
../lvgl/src/themes/default/lv_theme_default.c:712:6:lv_theme_default_deinit	24	static
../lvgl/src/themes/default/lv_theme_default.c:729:14:lv_theme_default_get	8	static
../lvgl/src/themes/default/lv_theme_default.c:738:6:lv_theme_default_is_inited	16	static
../lvgl/src/themes/default/lv_theme_default.c:745:13:theme_apply	32	static
../lvgl/src/themes/default/lv_theme_default.c:1251:13:style_init_reset	16	static
