../source/freetype/freetype_src/autofit/../../freetype_include/freetype/internal/../internal/ftcalc.h:91:3:FT_MulFix_64	56	static
../source/freetype/freetype_src/autofit/afcjk.c:63:3:af_cjk_metrics_init_widths	7752	static
../source/freetype/freetype_src/autofit/afcjk.c:272:3:af_cjk_metrics_init_blues	568	static
../source/freetype/freetype_src/autofit/afcjk.c:557:3:af_cjk_metrics_check_digits	88	static
../source/freetype/freetype_src/autofit/afcjk.c:623:3:af_cjk_metrics_init	24	static
../source/freetype/freetype_src/autofit/afcjk.c:648:3:af_cjk_metrics_scale_dim	56	static
../source/freetype/freetype_src/autofit/afcjk.c:745:3:af_cjk_metrics_scale	32	static
../source/freetype/freetype_src/autofit/afcjk.c:764:3:af_cjk_get_standard_widths	32	static
../source/freetype/freetype_src/autofit/afcjk.c:791:3:af_cjk_hints_compute_segments	56	static
../source/freetype/freetype_src/autofit/afcjk.c:835:3:af_cjk_hints_link_segments	80	static
../source/freetype/freetype_src/autofit/afcjk.c:993:3:af_cjk_hints_compute_edges	152	static
../source/freetype/freetype_src/autofit/afcjk.c:1262:3:af_cjk_hints_detect_features	24	static
../source/freetype/freetype_src/autofit/afcjk.c:1282:3:af_cjk_hints_compute_blue_edges	80	static
../source/freetype/freetype_src/autofit/afcjk.c:1371:3:af_cjk_hints_init	32	static
../source/freetype/freetype_src/autofit/afcjk.c:1440:3:af_cjk_snap_width	48	static
../source/freetype/freetype_src/autofit/afcjk.c:1489:3:af_cjk_compute_stem_width	48	static
../source/freetype/freetype_src/autofit/afcjk.c:1610:3:af_cjk_align_linked_edge	40	static
../source/freetype/freetype_src/autofit/afcjk.c:1638:3:af_cjk_align_serif_edge	24	static
../source/freetype/freetype_src/autofit/afcjk.c:1665:3:af_hint_normal_stem	80	static
../source/freetype/freetype_src/autofit/afcjk.c:1793:3:af_cjk_hint_edges	120	static
../source/freetype/freetype_src/autofit/afcjk.c:2172:3:af_cjk_align_edge_points	56	static
../source/freetype/freetype_src/autofit/afcjk.c:2264:3:af_cjk_hints_apply	40	static
