../source/freetype/freetype_src/autofit/../../freetype_include/freetype/internal/../internal/ftcalc.h:91:3:FT_MulFix_64	56	static
../source/freetype/freetype_src/autofit/afhints.c:36:3:af_sort_pos	32	static
../source/freetype/freetype_src/autofit/afhints.c:59:3:af_sort_and_quantize_widths	56	static
../source/freetype/freetype_src/autofit/afhints.c:136:3:af_axis_hints_new_segment	56	static
../source/freetype/freetype_src/autofit/afhints.c:197:3:af_axis_hints_new_edge	64	static
../source/freetype/freetype_src/autofit/afhints.c:751:3:af_direction_compute	32	static
../source/freetype/freetype_src/autofit/afhints.c:800:3:af_glyph_hints_init	16	static
../source/freetype/freetype_src/autofit/afhints.c:810:3:af_glyph_hints_done	32	static
../source/freetype/freetype_src/autofit/afhints.c:862:3:af_glyph_hints_rescale	16	static
../source/freetype/freetype_src/autofit/afhints.c:874:3:af_glyph_hints_reload	208	static
../source/freetype/freetype_src/autofit/afhints.c:1304:3:af_glyph_hints_save	32	static
../source/freetype/freetype_src/autofit/afhints.c:1339:3:af_glyph_hints_align_edge_points	64	static
../source/freetype/freetype_src/autofit/afhints.c:1414:3:af_glyph_hints_align_strong_points	104	static
../source/freetype/freetype_src/autofit/afhints.c:1593:3:af_iup_shift	32	static
../source/freetype/freetype_src/autofit/afhints.c:1620:3:af_iup_interp	64	static
../source/freetype/freetype_src/autofit/afhints.c:1688:3:af_glyph_hints_align_weak_points	56	static
