../source/freetype/freetype_src/autofit/../../freetype_include/freetype/internal/../internal/ftcalc.h:91:3:FT_MulFix_64	56	static
../source/freetype/freetype_src/autofit/aflatin.c:55:3:af_latin_metrics_init_widths	7880	static
../source/freetype/freetype_src/autofit/aflatin.c:269:3:af_latin_sort_blue	40	static
../source/freetype/freetype_src/autofit/aflatin.c:311:3:af_latin_metrics_init_blues	728	static
../source/freetype/freetype_src/autofit/aflatin.c:1075:3:af_latin_metrics_check_digits	88	static
../source/freetype/freetype_src/autofit/aflatin.c:1141:3:af_latin_metrics_init	32	static
../source/freetype/freetype_src/autofit/aflatin.c:1178:3:af_latin_metrics_scale_dim	112	static
../source/freetype/freetype_src/autofit/aflatin.c:1498:3:af_latin_metrics_done	24	static
../source/freetype/freetype_src/autofit/aflatin.c:1511:3:af_latin_metrics_scale	24	static
../source/freetype/freetype_src/autofit/aflatin.c:1530:3:af_latin_get_standard_widths	32	static
../source/freetype/freetype_src/autofit/aflatin.c:1557:3:af_latin_hints_compute_segments	240	static
../source/freetype/freetype_src/autofit/aflatin.c:2016:3:af_latin_hints_link_segments	96	static
../source/freetype/freetype_src/autofit/aflatin.c:2154:3:af_latin_hints_compute_edges	168	static
../source/freetype/freetype_src/autofit/aflatin.c:2506:3:af_latin_hints_detect_features	32	static
../source/freetype/freetype_src/autofit/aflatin.c:2529:3:af_latin_hints_compute_blue_edges	64	static
../source/freetype/freetype_src/autofit/aflatin.c:2646:3:af_latin_hints_init	40	static
../source/freetype/freetype_src/autofit/aflatin.c:2726:3:af_latin_snap_width	48	static
../source/freetype/freetype_src/autofit/aflatin.c:2775:3:af_move_contour_vertically	24	static
../source/freetype/freetype_src/autofit/aflatin.c:2796:3:af_move_contours_up	40	static
../source/freetype/freetype_src/autofit/aflatin.c:2818:3:af_move_contours_down	40	static
../source/freetype/freetype_src/autofit/aflatin.c:2842:3:af_compute_vertical_extrema	40	static
../source/freetype/freetype_src/autofit/aflatin.c:2878:3:af_find_highest_contour	40	static
../source/freetype/freetype_src/autofit/aflatin.c:2916:3:af_find_second_highest_contour	48	static
../source/freetype/freetype_src/autofit/aflatin.c:2961:3:af_find_lowest_contour	40	static
../source/freetype/freetype_src/autofit/aflatin.c:2991:3:af_find_second_lowest_contour	48	static
../source/freetype/freetype_src/autofit/aflatin.c:3035:3:af_prevent_top_blue_alignment	32	static
../source/freetype/freetype_src/autofit/aflatin.c:3052:3:af_prevent_bottom_blue_alignment	32	static
../source/freetype/freetype_src/autofit/aflatin.c:3069:3:af_latin_get_base_glyph_blues	48	static
../source/freetype/freetype_src/autofit/aflatin.c:3110:3:af_latin_ignore_top	32	static
../source/freetype/freetype_src/autofit/aflatin.c:3130:3:af_latin_ignore_bottom	32	static
../source/freetype/freetype_src/autofit/aflatin.c:3146:3:af_touch_contour	24	static
../source/freetype/freetype_src/autofit/aflatin.c:3166:3:af_touch_top_contours	32	static
../source/freetype/freetype_src/autofit/aflatin.c:3188:3:af_touch_bottom_contours	32	static
../source/freetype/freetype_src/autofit/aflatin.c:3212:3:af_latin_stretch_top_tilde	64	static
../source/freetype/freetype_src/autofit/aflatin.c:3326:3:af_latin_stretch_bottom_tilde	64	static
../source/freetype/freetype_src/autofit/aflatin.c:3441:3:af_latin_align_top_tilde	48	static
../source/freetype/freetype_src/autofit/aflatin.c:3483:3:af_latin_align_bottom_tilde	48	static
../source/freetype/freetype_src/autofit/aflatin.c:3524:3:af_check_contour_horizontal_overlap	48	static
../source/freetype/freetype_src/autofit/aflatin.c:3579:3:af_glyph_hints_apply_vertical_separation_adjustments	208	static
../source/freetype/freetype_src/autofit/aflatin.c:3963:3:af_latin_compute_stem_width	64	static
../source/freetype/freetype_src/autofit/aflatin.c:4160:3:af_latin_align_linked_edge	48	static
../source/freetype/freetype_src/autofit/aflatin.c:4192:3:af_latin_align_serif_edge	24	static
../source/freetype/freetype_src/autofit/aflatin.c:4216:3:af_latin_hint_edges	232	static
../source/freetype/freetype_src/autofit/aflatin.c:4839:3:af_latin_hints_apply	120	static
