../source/freetype/freetype_src/autofit/../../freetype_include/freetype/internal/../internal/ftcalc.h:91:3:FT_MulFix_64	56	static
../source/freetype/freetype_src/autofit/ft-hb.c:183:3:ft_hb_enabled	16	static
../source/freetype/freetype_src/autofit/afadjust.c:1149:3:af_adjustment_database_lookup	32	static
../source/freetype/freetype_src/autofit/afadjust.c:1277:3:af_reverse_character_map_new	48	static
../source/freetype/freetype_src/autofit/afadjust.c:1601:3:af_reverse_character_map_done	16	static
../source/freetype/freetype_src/autofit/afcjk.c:63:3:af_cjk_metrics_init_widths	7752	static
../source/freetype/freetype_src/autofit/afcjk.c:272:3:af_cjk_metrics_init_blues	568	static
../source/freetype/freetype_src/autofit/afcjk.c:557:3:af_cjk_metrics_check_digits	88	static
../source/freetype/freetype_src/autofit/afcjk.c:623:3:af_cjk_metrics_init	24	static
../source/freetype/freetype_src/autofit/afcjk.c:648:3:af_cjk_metrics_scale_dim	56	static
../source/freetype/freetype_src/autofit/afcjk.c:745:3:af_cjk_metrics_scale	32	static
../source/freetype/freetype_src/autofit/afcjk.c:764:3:af_cjk_get_standard_widths	32	static
../source/freetype/freetype_src/autofit/afcjk.c:791:3:af_cjk_hints_compute_segments	56	static
../source/freetype/freetype_src/autofit/afcjk.c:835:3:af_cjk_hints_link_segments	80	static
../source/freetype/freetype_src/autofit/afcjk.c:993:3:af_cjk_hints_compute_edges	152	static
../source/freetype/freetype_src/autofit/afcjk.c:1262:3:af_cjk_hints_detect_features	24	static
../source/freetype/freetype_src/autofit/afcjk.c:1282:3:af_cjk_hints_compute_blue_edges	80	static
../source/freetype/freetype_src/autofit/afcjk.c:1371:3:af_cjk_hints_init	32	static
../source/freetype/freetype_src/autofit/afcjk.c:1440:3:af_cjk_snap_width	48	static
../source/freetype/freetype_src/autofit/afcjk.c:1489:3:af_cjk_compute_stem_width	48	static
../source/freetype/freetype_src/autofit/afcjk.c:1610:3:af_cjk_align_linked_edge	40	static
../source/freetype/freetype_src/autofit/afcjk.c:1638:3:af_cjk_align_serif_edge	24	static
../source/freetype/freetype_src/autofit/afcjk.c:1665:3:af_hint_normal_stem	80	static
../source/freetype/freetype_src/autofit/afcjk.c:1793:3:af_cjk_hint_edges	120	static
../source/freetype/freetype_src/autofit/afcjk.c:2172:3:af_cjk_align_edge_points	56	static
../source/freetype/freetype_src/autofit/afcjk.c:2264:3:af_cjk_hints_apply	40	static
../source/freetype/freetype_src/autofit/afdummy.c:26:3:af_dummy_hints_init	16	static
../source/freetype/freetype_src/autofit/afdummy.c:41:3:af_dummy_hints_apply	32	static
../source/freetype/freetype_src/autofit/afglobal.c:131:3:af_face_globals_compute_style_coverage	80	static
../source/freetype/freetype_src/autofit/afglobal.c:331:3:af_face_globals_new	40	static
../source/freetype/freetype_src/autofit/afglobal.c:397:3:af_face_globals_free	40	static
../source/freetype/freetype_src/autofit/afglobal.c:444:3:af_face_globals_get_metrics	48	static
../source/freetype/freetype_src/autofit/afglobal.c:527:3:af_face_globals_is_digit	16	static
../source/freetype/freetype_src/autofit/afhints.c:36:3:af_sort_pos	32	static
../source/freetype/freetype_src/autofit/afhints.c:59:3:af_sort_and_quantize_widths	56	static
../source/freetype/freetype_src/autofit/afhints.c:136:3:af_axis_hints_new_segment	56	static
../source/freetype/freetype_src/autofit/afhints.c:197:3:af_axis_hints_new_edge	64	static
../source/freetype/freetype_src/autofit/afhints.c:751:3:af_direction_compute	32	static
../source/freetype/freetype_src/autofit/afhints.c:800:3:af_glyph_hints_init	16	static
../source/freetype/freetype_src/autofit/afhints.c:810:3:af_glyph_hints_done	32	static
../source/freetype/freetype_src/autofit/afhints.c:862:3:af_glyph_hints_rescale	16	static
../source/freetype/freetype_src/autofit/afhints.c:874:3:af_glyph_hints_reload	208	static
../source/freetype/freetype_src/autofit/afhints.c:1304:3:af_glyph_hints_save	32	static
../source/freetype/freetype_src/autofit/afhints.c:1339:3:af_glyph_hints_align_edge_points	64	static
../source/freetype/freetype_src/autofit/afhints.c:1414:3:af_glyph_hints_align_strong_points	104	static
../source/freetype/freetype_src/autofit/afhints.c:1593:3:af_iup_shift	32	static
../source/freetype/freetype_src/autofit/afhints.c:1620:3:af_iup_interp	64	static
../source/freetype/freetype_src/autofit/afhints.c:1688:3:af_glyph_hints_align_weak_points	56	static
../source/freetype/freetype_src/autofit/afindic.c:31:3:af_indic_metrics_init	24	static
../source/freetype/freetype_src/autofit/afindic.c:61:3:af_indic_metrics_scale	16	static
../source/freetype/freetype_src/autofit/afindic.c:70:3:af_indic_hints_init	16	static
../source/freetype/freetype_src/autofit/afindic.c:79:3:af_indic_hints_apply	24	static
../source/freetype/freetype_src/autofit/afindic.c:93:3:af_indic_get_standard_widths	32	static
../source/freetype/freetype_src/autofit/aflatin.c:55:3:af_latin_metrics_init_widths	7880	static
../source/freetype/freetype_src/autofit/aflatin.c:269:3:af_latin_sort_blue	40	static
../source/freetype/freetype_src/autofit/aflatin.c:311:3:af_latin_metrics_init_blues	728	static
../source/freetype/freetype_src/autofit/aflatin.c:1075:3:af_latin_metrics_check_digits	88	static
../source/freetype/freetype_src/autofit/aflatin.c:1141:3:af_latin_metrics_init	32	static
../source/freetype/freetype_src/autofit/aflatin.c:1178:3:af_latin_metrics_scale_dim	112	static
../source/freetype/freetype_src/autofit/aflatin.c:1498:3:af_latin_metrics_done	24	static
../source/freetype/freetype_src/autofit/aflatin.c:1511:3:af_latin_metrics_scale	24	static
../source/freetype/freetype_src/autofit/aflatin.c:1530:3:af_latin_get_standard_widths	32	static
../source/freetype/freetype_src/autofit/aflatin.c:1557:3:af_latin_hints_compute_segments	240	static
../source/freetype/freetype_src/autofit/aflatin.c:2016:3:af_latin_hints_link_segments	96	static
../source/freetype/freetype_src/autofit/aflatin.c:2154:3:af_latin_hints_compute_edges	168	static
../source/freetype/freetype_src/autofit/aflatin.c:2506:3:af_latin_hints_detect_features	32	static
../source/freetype/freetype_src/autofit/aflatin.c:2529:3:af_latin_hints_compute_blue_edges	64	static
../source/freetype/freetype_src/autofit/aflatin.c:2646:3:af_latin_hints_init	40	static
../source/freetype/freetype_src/autofit/aflatin.c:2726:3:af_latin_snap_width	48	static
../source/freetype/freetype_src/autofit/aflatin.c:2775:3:af_move_contour_vertically	24	static
../source/freetype/freetype_src/autofit/aflatin.c:2796:3:af_move_contours_up	40	static
../source/freetype/freetype_src/autofit/aflatin.c:2818:3:af_move_contours_down	40	static
../source/freetype/freetype_src/autofit/aflatin.c:2842:3:af_compute_vertical_extrema	40	static
../source/freetype/freetype_src/autofit/aflatin.c:2878:3:af_find_highest_contour	40	static
../source/freetype/freetype_src/autofit/aflatin.c:2916:3:af_find_second_highest_contour	48	static
../source/freetype/freetype_src/autofit/aflatin.c:2961:3:af_find_lowest_contour	40	static
../source/freetype/freetype_src/autofit/aflatin.c:2991:3:af_find_second_lowest_contour	48	static
../source/freetype/freetype_src/autofit/aflatin.c:3035:3:af_prevent_top_blue_alignment	32	static
../source/freetype/freetype_src/autofit/aflatin.c:3052:3:af_prevent_bottom_blue_alignment	32	static
../source/freetype/freetype_src/autofit/aflatin.c:3069:3:af_latin_get_base_glyph_blues	48	static
../source/freetype/freetype_src/autofit/aflatin.c:3110:3:af_latin_ignore_top	32	static
../source/freetype/freetype_src/autofit/aflatin.c:3130:3:af_latin_ignore_bottom	32	static
../source/freetype/freetype_src/autofit/aflatin.c:3146:3:af_touch_contour	24	static
../source/freetype/freetype_src/autofit/aflatin.c:3166:3:af_touch_top_contours	32	static
../source/freetype/freetype_src/autofit/aflatin.c:3188:3:af_touch_bottom_contours	32	static
../source/freetype/freetype_src/autofit/aflatin.c:3212:3:af_latin_stretch_top_tilde	64	static
../source/freetype/freetype_src/autofit/aflatin.c:3326:3:af_latin_stretch_bottom_tilde	64	static
../source/freetype/freetype_src/autofit/aflatin.c:3441:3:af_latin_align_top_tilde	48	static
../source/freetype/freetype_src/autofit/aflatin.c:3483:3:af_latin_align_bottom_tilde	48	static
../source/freetype/freetype_src/autofit/aflatin.c:3524:3:af_check_contour_horizontal_overlap	48	static
../source/freetype/freetype_src/autofit/aflatin.c:3579:3:af_glyph_hints_apply_vertical_separation_adjustments	208	static
../source/freetype/freetype_src/autofit/aflatin.c:3963:3:af_latin_compute_stem_width	64	static
../source/freetype/freetype_src/autofit/aflatin.c:4160:3:af_latin_align_linked_edge	48	static
../source/freetype/freetype_src/autofit/aflatin.c:4192:3:af_latin_align_serif_edge	24	static
../source/freetype/freetype_src/autofit/aflatin.c:4216:3:af_latin_hint_edges	232	static
../source/freetype/freetype_src/autofit/aflatin.c:4839:3:af_latin_hints_apply	120	static
../source/freetype/freetype_src/autofit/afloader.c:31:3:af_loader_init	16	static
../source/freetype/freetype_src/autofit/afloader.c:43:3:af_loader_reset	32	static
../source/freetype/freetype_src/autofit/afloader.c:70:3:af_loader_done	16	static
../source/freetype/freetype_src/autofit/afloader.c:87:3:af_loader_embolden_glyph_in_slot	104	static
../source/freetype/freetype_src/autofit/afloader.c:208:3:af_loader_load_glyph	192	static
../source/freetype/freetype_src/autofit/afloader.c:584:3:af_loader_compute_darkening	136	static
../source/freetype/freetype_src/autofit/afmodule.c:73:3:af_property_get_face_globals	32	static
../source/freetype/freetype_src/autofit/afmodule.c:105:3:af_property_set	152	static
../source/freetype/freetype_src/autofit/afmodule.c:286:3:af_property_get	80	static
../source/freetype/freetype_src/autofit/afmodule.c:387:3:af_get_interface	16	static
../source/freetype/freetype_src/autofit/afmodule.c:397:3:af_autofitter_init	24	static
../source/freetype/freetype_src/autofit/afmodule.c:425:3:af_autofitter_done	16	static
../source/freetype/freetype_src/autofit/afmodule.c:442:3:af_autofitter_load_glyph	6808	static
../source/freetype/freetype_src/autofit/afshaper.c:598:3:af_shaper_get_coverage_nohb	24	static
../source/freetype/freetype_src/autofit/afshaper.c:613:3:af_shaper_buf_create_nohb	16	static
../source/freetype/freetype_src/autofit/afshaper.c:622:3:af_shaper_buf_destroy_nohb	16	static
../source/freetype/freetype_src/autofit/afshaper.c:631:3:af_shaper_get_cluster_nohb	48	static
../source/freetype/freetype_src/autofit/afshaper.c:667:3:af_shaper_get_elem_nohb	32	static
../source/freetype/freetype_src/autofit/afshaper.c:697:3:af_shaper_get_coverage	24	static
../source/freetype/freetype_src/autofit/afshaper.c:718:3:af_shaper_buf_create	16	static
../source/freetype/freetype_src/autofit/afshaper.c:730:3:af_shaper_buf_destroy	16	static
../source/freetype/freetype_src/autofit/afshaper.c:743:3:af_shaper_get_cluster	24	static
../source/freetype/freetype_src/autofit/afshaper.c:758:3:af_shaper_get_elem	32	static
