../lvgl/src/draw/sw/lv_draw_sw.c:164:6:lv_draw_sw_init	16	static
../lvgl/src/draw/sw/lv_draw_sw.c:189:6:lv_draw_sw_deinit	8	static
../lvgl/src/draw/sw/lv_draw_sw.c:200:16:lv_draw_sw_delete	16	static
../lvgl/src/draw/sw/lv_draw_sw.c:219:6:lv_draw_sw_rgb565_swap	32	static
../lvgl/src/draw/sw/lv_draw_sw.c:253:6:lv_draw_sw_i1_invert	32	static
../lvgl/src/draw/sw/lv_draw_sw.c:284:6:lv_draw_sw_rotate	32	static
../lvgl/src/draw/sw/lv_draw_sw.c:381:20:execute_drawing_unit	16	static
../lvgl/src/draw/sw/lv_draw_sw.c:392:16:evaluate	24	static
../lvgl/src/draw/sw/lv_draw_sw.c:430:16:dispatch	32	static
../lvgl/src/draw/sw/lv_draw_sw.c:499:13:execute_drawing	24	static
../lvgl/src/draw/sw/lv_draw_sw.c:592:13:rotate270_argb8888	40	static
../lvgl/src/draw/sw/lv_draw_sw.c:613:13:rotate180_argb8888	40	static
../lvgl/src/draw/sw/lv_draw_sw.c:632:13:rotate90_argb8888	40	static
