../source/freetype/freetype_src/raster/ftraster.c:533:3:Set_High_Precision	16	static
../source/freetype/freetype_src/raster/ftraster.c:582:3:Insert_Y_Turns	40	static
../source/freetype/freetype_src/raster/ftraster.c:640:3:New_Profile	24	static
../source/freetype/freetype_src/raster/ftraster.c:716:3:End_Profile	32	static
../source/freetype/freetype_src/raster/ftraster.c:785:3:Finalize_Profile_Table	32	static
../source/freetype/freetype_src/raster/ftraster.c:826:3:Split_Conic	24	static
../source/freetype/freetype_src/raster/ftraster.c:865:3:Split_Cubic	32	static
../source/freetype/freetype_src/raster/ftraster.c:928:3:Line_Up	128	static
../source/freetype/freetype_src/raster/ftraster.c:1044:3:Line_Down	40	static
../source/freetype/freetype_src/raster/ftraster.c:1085:3:Bezier_Up	56	static
../source/freetype/freetype_src/raster/ftraster.c:1188:3:Bezier_Down	40	static
../source/freetype/freetype_src/raster/ftraster.c:1232:3:Line_To	48	static
../source/freetype/freetype_src/raster/ftraster.c:1310:3:Conic_To	592	static
../source/freetype/freetype_src/raster/ftraster.c:1441:3:Cubic_To	864	static
../source/freetype/freetype_src/raster/ftraster.c:1594:3:Decompose_Curve	168	static
../source/freetype/freetype_src/raster/ftraster.c:1819:3:Convert_Glyph	32	static
../source/freetype/freetype_src/raster/ftraster.c:1889:3:InsNew	32	static
../source/freetype/freetype_src/raster/ftraster.c:1922:3:Increment	32	static
../source/freetype/freetype_src/raster/ftraster.c:1983:3:Vertical_Sweep_Init	24	static
../source/freetype/freetype_src/raster/ftraster.c:1994:3:Vertical_Sweep_Span	56	static
../source/freetype/freetype_src/raster/ftraster.c:2053:3:Vertical_Sweep_Drop	40	static
../source/freetype/freetype_src/raster/ftraster.c:2094:3:Vertical_Sweep_Step	16	static
../source/freetype/freetype_src/raster/ftraster.c:2110:3:Horizontal_Sweep_Init	24	static
../source/freetype/freetype_src/raster/ftraster.c:2121:3:Horizontal_Sweep_Span	48	static
../source/freetype/freetype_src/raster/ftraster.c:2185:3:Horizontal_Sweep_Drop	40	static
../source/freetype/freetype_src/raster/ftraster.c:2225:3:Horizontal_Sweep_Step	16	static
../source/freetype/freetype_src/raster/ftraster.c:2242:3:Draw_Sweep	88	static
../source/freetype/freetype_src/raster/ftraster.c:2456:3:Render_Single_Pass	160	static
../source/freetype/freetype_src/raster/ftraster.c:2527:3:Render_Glyph	16408	static
../source/freetype/freetype_src/raster/ftraster.c:2614:3:ft_black_new	32	static
../source/freetype/freetype_src/raster/ftraster.c:2634:3:ft_black_done	24	static
../source/freetype/freetype_src/raster/ftraster.c:2648:3:ft_black_reset	24	static
../source/freetype/freetype_src/raster/ftraster.c:2659:3:ft_black_set_mode	24	static
../source/freetype/freetype_src/raster/ftraster.c:2672:3:ft_black_render	176	static
