../usb/host/class/usb_host_hub_app.c:118:31:USB_HostHubGetHubList	16	static
../usb/host/class/usb_host_hub_app.c:153:13:USB_HostHubGetInterruptStatus	32	static
../usb/host/class/usb_host_hub_app.c:181:13:USB_HostHubProcess	48	static
../usb/host/class/usb_host_hub_app.c:383:13:USB_HostHubProcessPort	24	static
../usb/host/class/usb_host_hub_app.c:403:13:USB_HostHubProcessPortAttach	56	static
../usb/host/class/usb_host_hub_app.c:629:13:USB_HostHubProcessPortDetach	48	static
../usb/host/class/usb_host_hub_app.c:786:13:USB_HostHubProcessData	32	static
../usb/host/class/usb_host_hub_app.c:843:13:USB_HostHubControlCallback	32	static
../usb/host/class/usb_host_hub_app.c:1118:6:USB_HostHubInterruptInCallback	32	static
../usb/host/class/usb_host_hub_app.c:1165:14:USB_HostHubDeviceEvent	80	static
../usb/host/class/usb_host_hub_app.c:1385:14:USB_HostHubRemovePort	32	static
../usb/host/class/usb_host_hub_app.c:1429:10:USB_HostHubGetHsHubNumber	32	static
../usb/host/class/usb_host_hub_app.c:1478:10:USB_HostHubGetHsHubPort	32	static
../usb/host/class/usb_host_hub_app.c:1526:10:USB_HostHubGetTotalThinkTime	32	static
