../usb/host/class/usb_host_cdc.c:109:13:USB_HostCdcDataInPipeCallback	40	static
../usb/host/class/usb_host_cdc.c:141:13:USB_HostCdcDataOutPipeCallback	40	static
../usb/host/class/usb_host_cdc.c:173:13:USB_HostCdcInterruptPipeCallback	40	static
../usb/host/class/usb_host_cdc.c:206:13:USB_HostCdcControlPipeCallback	40	static
../usb/host/class/usb_host_cdc.c:228:21:USB_HostCdcOpenDataInterface	48	static
../usb/host/class/usb_host_cdc.c:336:13:USB_HostCdcSetDataInterfaceCallback	40	static
../usb/host/class/usb_host_cdc.c:363:21:USB_HostCdcOpenControlInterface	48	static
../usb/host/class/usb_host_cdc.c:439:13:USB_HostCdcSetContorlInterfaceCallback	40	static
../usb/host/class/usb_host_cdc.c:470:14:USB_HostCdcInit	32	static
../usb/host/class/usb_host_cdc.c:515:14:USB_HostCdcSetControlInterface	48	static
../usb/host/class/usb_host_cdc.c:610:14:USB_HostCdcSetDataInterface	64	static
../usb/host/class/usb_host_cdc.c:737:14:USB_HostCdcDeinit	24	static
../usb/host/class/usb_host_cdc.c:845:14:USB_HostCdcDataRecv	32	static
../usb/host/class/usb_host_cdc.c:907:14:USB_HostCdcDataSend	32	static
../usb/host/class/usb_host_cdc.c:968:14:USB_HostCdcInterruptRecv	32	static
../usb/host/class/usb_host_cdc.c:1023:10:USB_HostCdcGetPacketsize	24	static
../usb/host/class/usb_host_cdc.c:1061:14:USB_HostCdcControl	24	static
../usb/host/class/usb_host_cdc.c:1129:14:USB_HostCdcGetAcmLineCoding	48	static
../usb/host/class/usb_host_cdc.c:1155:14:USB_HostCdcSetAcmLineCoding	48	static
../usb/host/class/usb_host_cdc.c:1181:14:USB_HostCdcSetAcmCtrlState	56	static
../usb/host/class/usb_host_cdc.c:1212:14:USB_HostCdcSendEncapsulatedCommand	48	static
../usb/host/class/usb_host_cdc.c:1239:14:USB_HostCdcGetEncapsulatedResponse	48	static
../usb/host/class/usb_host_cdc.c:1264:14:USB_HostCdcGetAcmDescriptor	56	static
../usb/host/class/usb_host_cdc.c:1332:14:USB_HostCdcGetEcmDescriptor	64	static
