../lvgl/src/misc/../core/../draw/../misc/../font/../draw/../misc/../stdlib/lv_string.h:73:20:lv_memzero	16	static
../lvgl/src/misc/lv_anim.c:65:6:lv_anim_core_init	8	static
../lvgl/src/misc/lv_anim.c:74:6:lv_anim_core_deinit	8	static
../lvgl/src/misc/lv_anim.c:79:6:lv_anim_init	16	static
../lvgl/src/misc/lv_anim.c:91:13:lv_anim_start	40	static
../lvgl/src/misc/lv_anim.c:136:6:lv_anim_pause	32	static
../lvgl/src/misc/lv_anim.c:156:6:lv_anim_resume	32	static
../lvgl/src/misc/lv_anim.c:175:10:lv_anim_get_playtime	24	static
../lvgl/src/misc/lv_anim.c:189:6:lv_anim_delete	24	static
../lvgl/src/misc/lv_anim.c:212:6:lv_anim_delete_all	8	static
../lvgl/src/misc/lv_anim.c:218:13:lv_anim_get	24	static
../lvgl/src/misc/lv_anim.c:230:14:lv_anim_get_timer	4	static
../lvgl/src/misc/lv_anim.c:235:10:lv_anim_count_running	16	static
../lvgl/src/misc/lv_anim.c:244:10:lv_anim_speed_clamped	32	static
../lvgl/src/misc/lv_anim.c:269:10:lv_anim_speed	16	static
../lvgl/src/misc/lv_anim.c:274:10:lv_anim_speed_to_time	32	static
../lvgl/src/misc/lv_anim.c:284:6:lv_anim_refr_now	8	static
../lvgl/src/misc/lv_anim.c:289:9:lv_anim_path_linear	32	static
../lvgl/src/misc/lv_anim.c:304:9:lv_anim_path_ease_in	24	static
../lvgl/src/misc/lv_anim.c:310:9:lv_anim_path_ease_out	24	static
../lvgl/src/misc/lv_anim.c:316:9:lv_anim_path_ease_in_out	24	static
../lvgl/src/misc/lv_anim.c:322:9:lv_anim_path_overshoot	24	static
../lvgl/src/misc/lv_anim.c:327:9:lv_anim_path_bounce	40	static
../lvgl/src/misc/lv_anim.c:379:9:lv_anim_path_step	16	static
../lvgl/src/misc/lv_anim.c:387:9:lv_anim_path_custom_bezier3	32	static
../lvgl/src/misc/lv_anim.c:393:6:lv_anim_set_var	16	static
../lvgl/src/misc/lv_anim.c:398:6:lv_anim_set_exec_cb	16	static
../lvgl/src/misc/lv_anim.c:403:6:lv_anim_set_duration	16	static
../lvgl/src/misc/lv_anim.c:408:6:lv_anim_set_time	16	static
../lvgl/src/misc/lv_anim.c:413:6:lv_anim_set_delay	16	static
../lvgl/src/misc/lv_anim.c:418:6:lv_anim_set_values	24	static
../lvgl/src/misc/lv_anim.c:425:6:lv_anim_set_custom_exec_cb	16	static
../lvgl/src/misc/lv_anim.c:430:6:lv_anim_set_path_cb	16	static
../lvgl/src/misc/lv_anim.c:435:6:lv_anim_set_start_cb	16	static
../lvgl/src/misc/lv_anim.c:440:6:lv_anim_set_get_value_cb	16	static
../lvgl/src/misc/lv_anim.c:445:6:lv_anim_set_completed_cb	16	static
../lvgl/src/misc/lv_anim.c:450:6:lv_anim_set_deleted_cb	16	static
../lvgl/src/misc/lv_anim.c:455:6:lv_anim_set_playback_duration	16	static
../lvgl/src/misc/lv_anim.c:460:6:lv_anim_set_playback_time	16	static
../lvgl/src/misc/lv_anim.c:465:6:lv_anim_set_playback_delay	16	static
../lvgl/src/misc/lv_anim.c:470:6:lv_anim_set_repeat_count	16	static
../lvgl/src/misc/lv_anim.c:475:6:lv_anim_set_repeat_delay	16	static
../lvgl/src/misc/lv_anim.c:480:6:lv_anim_set_early_apply	16	static
../lvgl/src/misc/lv_anim.c:485:6:lv_anim_set_user_data	16	static
../lvgl/src/misc/lv_anim.c:490:6:lv_anim_set_bezier3_param	32	static
../lvgl/src/misc/lv_anim.c:500:10:lv_anim_get_delay	16	static
../lvgl/src/misc/lv_anim.c:505:10:lv_anim_get_time	16	static
../lvgl/src/misc/lv_anim.c:510:10:lv_anim_get_repeat_count	16	static
../lvgl/src/misc/lv_anim.c:515:8:lv_anim_get_user_data	16	static
../lvgl/src/misc/lv_anim.c:520:6:lv_anim_custom_delete	16	static
../lvgl/src/misc/lv_anim.c:525:13:lv_anim_custom_get	16	static
../lvgl/src/misc/lv_anim.c:537:13:anim_timer	32	static
../lvgl/src/misc/lv_anim.c:612:13:anim_completed_handler	24	static
../lvgl/src/misc/lv_anim.c:657:13:anim_mark_list_change	8	static
../lvgl/src/misc/lv_anim.c:666:16:lv_anim_path_cubic_bezier	48	static
../lvgl/src/misc/lv_anim.c:680:17:convert_speed_to_time	48	static
../lvgl/src/misc/lv_anim.c:694:13:resolve_time	16	static
../lvgl/src/misc/lv_anim.c:708:13:remove_concurrent_anims	24	static
../lvgl/src/misc/lv_anim.c:743:13:remove_anim	24	static
