../source/freetype/freetype_src/truetype/../../freetype_include/freetype/internal/ftcalc.h:91:3:FT_MulFix_64	56	static
../source/freetype/freetype_src/truetype/ttgload.c:98:3:TT_Get_HMetrics	40	static
../source/freetype/freetype_src/truetype/ttgload.c:116:3:TT_Get_VMetrics	40	static
../source/freetype/freetype_src/truetype/ttgload.c:150:3:tt_get_metrics	48	static
../source/freetype/freetype_src/truetype/ttgload.c:202:3:tt_get_metrics_incremental	56	static
../source/freetype/freetype_src/truetype/ttgload.c:280:3:TT_Access_Glyph_Frame	32	static
../source/freetype/freetype_src/truetype/ttgload.c:303:3:TT_Forget_Glyph_Frame	24	static
../source/freetype/freetype_src/truetype/ttgload.c:313:3:TT_Load_Glyph_Header	24	static
../source/freetype/freetype_src/truetype/ttgload.c:341:3:TT_Load_Simple_Glyph	112	static
../source/freetype/freetype_src/truetype/ttgload.c:549:3:TT_Load_Composite_Glyph	72	static
../source/freetype/freetype_src/truetype/ttgload.c:740:3:TT_Init_Glyph_Loading	16	static
../source/freetype/freetype_src/truetype/ttgload.c:751:3:tt_prepare_zone	24	static
../source/freetype/freetype_src/truetype/ttgload.c:777:3:TT_Hint_Glyph	48	static
../source/freetype/freetype_src/truetype/ttgload.c:874:3:TT_Process_Simple_Glyph	72	static
../source/freetype/freetype_src/truetype/ttgload.c:1024:3:TT_Process_Composite_Component	96	static
../source/freetype/freetype_src/truetype/ttgload.c:1178:3:TT_Process_Composite_Glyph	64	static
../source/freetype/freetype_src/truetype/ttgload.c:1339:3:tt_loader_set_pp	24	static
../source/freetype/freetype_src/truetype/ttgload.c:1372:3:ft_list_get_node_at	24	static
../source/freetype/freetype_src/truetype/ttgload.c:1403:3:load_truetype_glyph	304	static
../source/freetype/freetype_src/truetype/ttgload.c:1943:3:compute_glyph_metrics	96	static
../source/freetype/freetype_src/truetype/ttgload.c:2083:3:load_sbit_image	96	static
../source/freetype/freetype_src/truetype/ttgload.c:2179:3:tt_loader_init	56	static
../source/freetype/freetype_src/truetype/ttgload.c:2339:3:tt_loader_done	16	static
../source/freetype/freetype_src/truetype/ttgload.c:2381:3:TT_Load_Glyph	280	static
