../source/freetype/freetype_src/truetype/../../freetype_include/freetype/internal/ftcalc.h:91:3:FT_MulFix_64	56	static
../source/freetype/freetype_src/truetype/ttgxvar.c:143:3:ft_var_readpackedpoints	64	static
../source/freetype/freetype_src/truetype/ttgxvar.c:258:3:ft_var_readpackeddeltas	56	static
../source/freetype/freetype_src/truetype/ttgxvar.c:336:3:ft_var_load_avar	88	static
../source/freetype/freetype_src/truetype/ttgxvar.c:476:3:tt_var_load_item_variation_store	136	static
../source/freetype/freetype_src/truetype/ttgxvar.c:722:3:tt_var_load_delta_set_index_mapping	88	static
../source/freetype/freetype_src/truetype/ttgxvar.c:887:3:ft_var_load_hvvar	72	static
../source/freetype/freetype_src/truetype/ttgxvar.c:1011:3:tt_calculate_scalar	40	static
../source/freetype/freetype_src/truetype/ttgxvar.c:1056:3:ft_mul_add_delta_scalar	56	static
../source/freetype/freetype_src/truetype/ttgxvar.c:1140:3:ft_round_and_shift16	16	static
../source/freetype/freetype_src/truetype/ttgxvar.c:1171:3:tt_var_get_item_delta	80	static
../source/freetype/freetype_src/truetype/ttgxvar.c:1293:3:tt_hvadvance_adjust	56	static
../source/freetype/freetype_src/truetype/ttgxvar.c:1386:3:tt_hadvance_adjust	24	static
../source/freetype/freetype_src/truetype/ttgxvar.c:1395:3:tt_vadvance_adjust	24	static
../source/freetype/freetype_src/truetype/ttgxvar.c:1422:3:ft_var_get_value_pointer	24	static
../source/freetype/freetype_src/truetype/ttgxvar.c:1495:3:ft_var_load_mvar	80	static
../source/freetype/freetype_src/truetype/ttgxvar.c:1619:3:ft_size_reset_iterator	24	static
../source/freetype/freetype_src/truetype/ttgxvar.c:1645:3:tt_apply_mvar	56	static
../source/freetype/freetype_src/truetype/ttgxvar.c:1784:3:ft_var_load_gvar	112	static
../source/freetype/freetype_src/truetype/ttgxvar.c:2057:3:ft_var_apply_tuple	40	static
../source/freetype/freetype_src/truetype/ttgxvar.c:2154:3:ft_var_to_normalized	112	static
../source/freetype/freetype_src/truetype/ttgxvar.c:2315:3:ft_var_to_design	64	static
../source/freetype/freetype_src/truetype/ttgxvar.c:2447:3:TT_Get_MM_Var	200	static
../source/freetype/freetype_src/truetype/ttgxvar.c:2920:3:tt_set_mm_blend	72	static
../source/freetype/freetype_src/truetype/ttgxvar.c:3168:3:TT_Set_MM_Blend	32	static
../source/freetype/freetype_src/truetype/ttgxvar.c:3221:3:TT_Get_MM_Blend	48	static
../source/freetype/freetype_src/truetype/ttgxvar.c:3304:3:TT_Set_Var_Design	88	static
../source/freetype/freetype_src/truetype/ttgxvar.c:3451:3:TT_Get_Var_Design	56	static
../source/freetype/freetype_src/truetype/ttgxvar.c:3530:3:TT_Set_Named_Instance	56	static
../source/freetype/freetype_src/truetype/ttgxvar.c:3623:3:TT_Get_Default_Named_Instance	24	static
../source/freetype/freetype_src/truetype/ttgxvar.c:3647:3:tt_construct_ps_name	24	static
../source/freetype/freetype_src/truetype/ttgxvar.c:3669:3:tt_cvt_ready_iterator	24	static
../source/freetype/freetype_src/truetype/ttgxvar.c:3710:3:tt_face_vary_cvt	144	static
../source/freetype/freetype_src/truetype/ttgxvar.c:4030:3:tt_delta_shift	40	static
../source/freetype/freetype_src/truetype/ttgxvar.c:4067:3:tt_delta_interpolate	64	static
../source/freetype/freetype_src/truetype/ttgxvar.c:4135:3:tt_interpolate_deltas	56	static
../source/freetype/freetype_src/truetype/ttgxvar.c:4248:3:TT_Vary_Apply_Glyph_Deltas	240	static
../source/freetype/freetype_src/truetype/ttgxvar.c:4738:3:tt_get_var_blend	32	static
../source/freetype/freetype_src/truetype/ttgxvar.c:4773:3:tt_var_done_item_variation_store	24	static
../source/freetype/freetype_src/truetype/ttgxvar.c:4802:3:tt_var_done_delta_set_index_map	24	static
../source/freetype/freetype_src/truetype/ttgxvar.c:4822:3:tt_done_blend	40	static
