../source/freetype/freetype_src/truetype/../../freetype_include/freetype/internal/ftcalc.h:91:3:FT_MulFix_64	56	static
../source/freetype/freetype_src/truetype/ttinterp.c:147:3:TT_Set_CodeRange	24	static
../source/freetype/freetype_src/truetype/ttinterp.c:182:3:TT_Clear_CodeRange	16	static
../source/freetype/freetype_src/truetype/ttinterp.c:215:3:TT_Done_Context	24	static
../source/freetype/freetype_src/truetype/ttinterp.c:276:3:TT_Load_Context	40	static
../source/freetype/freetype_src/truetype/ttinterp.c:325:3:TT_Save_Context	16	static
../source/freetype/freetype_src/truetype/ttinterp.c:347:3:TT_New_Context	40	static
../source/freetype/freetype_src/truetype/ttinterp.c:1042:3:TT_MulFix14_64	56	static
../source/freetype/freetype_src/truetype/ttinterp.c:1192:3:TT_DotFix14	104	static
../source/freetype/freetype_src/truetype/ttinterp.c:1258:3:Current_Ratio	24	static
../source/freetype/freetype_src/truetype/ttinterp.c:1285:3:Current_Ppem	16	static
../source/freetype/freetype_src/truetype/ttinterp.c:1292:3:Current_Ppem_Stretched	24	static
../source/freetype/freetype_src/truetype/ttinterp.c:1306:3:Read_CVT	16	static
../source/freetype/freetype_src/truetype/ttinterp.c:1314:3:Read_CVT_Stretched	24	static
../source/freetype/freetype_src/truetype/ttinterp.c:1322:3:Modify_CVT_Check	32	static
../source/freetype/freetype_src/truetype/ttinterp.c:1344:3:Write_CVT	24	static
../source/freetype/freetype_src/truetype/ttinterp.c:1357:3:Write_CVT_Stretched	32	static
../source/freetype/freetype_src/truetype/ttinterp.c:1370:3:Move_CVT	24	static
../source/freetype/freetype_src/truetype/ttinterp.c:1383:3:Move_CVT_Stretched	32	static
../source/freetype/freetype_src/truetype/ttinterp.c:1415:3:Ins_Goto_CodeRange	32	static
../source/freetype/freetype_src/truetype/ttinterp.c:1507:3:Direct_Move	40	static
../source/freetype/freetype_src/truetype/ttinterp.c:1566:3:Direct_Move_Orig	40	static
../source/freetype/freetype_src/truetype/ttinterp.c:1600:3:Direct_Move_X	24	static
../source/freetype/freetype_src/truetype/ttinterp.c:1615:3:Direct_Move_Y	24	static
../source/freetype/freetype_src/truetype/ttinterp.c:1643:3:Direct_Move_Orig_X	24	static
../source/freetype/freetype_src/truetype/ttinterp.c:1655:3:Direct_Move_Orig_Y	24	static
../source/freetype/freetype_src/truetype/ttinterp.c:1684:3:Round_None	32	static
../source/freetype/freetype_src/truetype/ttinterp.c:1727:3:Round_To_Grid	32	static
../source/freetype/freetype_src/truetype/ttinterp.c:1772:3:Round_To_Half_Grid	32	static
../source/freetype/freetype_src/truetype/ttinterp.c:1819:3:Round_Down_To_Grid	32	static
../source/freetype/freetype_src/truetype/ttinterp.c:1863:3:Round_Up_To_Grid	32	static
../source/freetype/freetype_src/truetype/ttinterp.c:1908:3:Round_To_Double_Grid	32	static
../source/freetype/freetype_src/truetype/ttinterp.c:1959:3:Round_Super	32	static
../source/freetype/freetype_src/truetype/ttinterp.c:2012:3:Round_Super_45	32	static
../source/freetype/freetype_src/truetype/ttinterp.c:2058:3:SetSuperRound	24	static
../source/freetype/freetype_src/truetype/ttinterp.c:2132:3:Project	24	static
../source/freetype/freetype_src/truetype/ttinterp.c:2161:3:Dual_Project	24	static
../source/freetype/freetype_src/truetype/ttinterp.c:2190:3:Project_x	24	static
../source/freetype/freetype_src/truetype/ttinterp.c:2220:3:Project_y	24	static
../source/freetype/freetype_src/truetype/ttinterp.c:2241:3:Compute_Funcs	24	static
../source/freetype/freetype_src/truetype/ttinterp.c:2328:3:Normalize	32	static
../source/freetype/freetype_src/truetype/ttinterp.c:2376:3:Ins_MPPEM	16	static
../source/freetype/freetype_src/truetype/ttinterp.c:2390:3:Ins_MPS	16	static
../source/freetype/freetype_src/truetype/ttinterp.c:2417:3:Ins_DUP	16	static
../source/freetype/freetype_src/truetype/ttinterp.c:2430:3:Ins_POP	4	static
../source/freetype/freetype_src/truetype/ttinterp.c:2443:3:Ins_CLEAR	16	static
../source/freetype/freetype_src/truetype/ttinterp.c:2456:3:Ins_SWAP	24	static
../source/freetype/freetype_src/truetype/ttinterp.c:2474:3:Ins_DEPTH	16	static
../source/freetype/freetype_src/truetype/ttinterp.c:2488:3:Ins_LT	16	static
../source/freetype/freetype_src/truetype/ttinterp.c:2501:3:Ins_LTEQ	16	static
../source/freetype/freetype_src/truetype/ttinterp.c:2514:3:Ins_GT	16	static
../source/freetype/freetype_src/truetype/ttinterp.c:2527:3:Ins_GTEQ	16	static
../source/freetype/freetype_src/truetype/ttinterp.c:2540:3:Ins_EQ	16	static
../source/freetype/freetype_src/truetype/ttinterp.c:2553:3:Ins_NEQ	16	static
../source/freetype/freetype_src/truetype/ttinterp.c:2566:3:Ins_ODD	16	static
../source/freetype/freetype_src/truetype/ttinterp.c:2580:3:Ins_EVEN	16	static
../source/freetype/freetype_src/truetype/ttinterp.c:2594:3:Ins_AND	16	static
../source/freetype/freetype_src/truetype/ttinterp.c:2607:3:Ins_OR	16	static
../source/freetype/freetype_src/truetype/ttinterp.c:2620:3:Ins_NOT	16	static
../source/freetype/freetype_src/truetype/ttinterp.c:2633:3:Ins_ADD	16	static
../source/freetype/freetype_src/truetype/ttinterp.c:2646:3:Ins_SUB	16	static
../source/freetype/freetype_src/truetype/ttinterp.c:2659:3:Ins_DIV	16	static
../source/freetype/freetype_src/truetype/ttinterp.c:2676:3:Ins_MUL	16	static
../source/freetype/freetype_src/truetype/ttinterp.c:2689:3:Ins_ABS	16	static
../source/freetype/freetype_src/truetype/ttinterp.c:2703:3:Ins_NEG	16	static
../source/freetype/freetype_src/truetype/ttinterp.c:2716:3:Ins_FLOOR	16	static
../source/freetype/freetype_src/truetype/ttinterp.c:2729:3:Ins_CEILING	16	static
../source/freetype/freetype_src/truetype/ttinterp.c:2742:3:Ins_RS	24	static
../source/freetype/freetype_src/truetype/ttinterp.c:2767:3:Ins_WS	40	static
../source/freetype/freetype_src/truetype/ttinterp.c:2811:3:Ins_WCVTP	24	static
../source/freetype/freetype_src/truetype/ttinterp.c:2834:3:Ins_WCVTF	32	static
../source/freetype/freetype_src/truetype/ttinterp.c:2857:3:Ins_RCVT	24	static
../source/freetype/freetype_src/truetype/ttinterp.c:2882:3:Ins_AA	4	static
../source/freetype/freetype_src/truetype/ttinterp.c:2897:3:Ins_DEBUG	16	static
../source/freetype/freetype_src/truetype/ttinterp.c:2910:3:Ins_ROUND	16	static
../source/freetype/freetype_src/truetype/ttinterp.c:2925:3:Ins_NROUND	16	static
../source/freetype/freetype_src/truetype/ttinterp.c:2940:3:Ins_MAX	16	static
../source/freetype/freetype_src/truetype/ttinterp.c:2954:3:Ins_MIN	16	static
../source/freetype/freetype_src/truetype/ttinterp.c:2968:3:Ins_MINDEX	24	static
../source/freetype/freetype_src/truetype/ttinterp.c:2999:3:Ins_CINDEX	24	static
../source/freetype/freetype_src/truetype/ttinterp.c:3025:3:Ins_ROLL	32	static
../source/freetype/freetype_src/truetype/ttinterp.c:3054:3:Ins_SLOOP	16	static
../source/freetype/freetype_src/truetype/ttinterp.c:3068:3:SkipCode	16	static
../source/freetype/freetype_src/truetype/ttinterp.c:3100:3:Ins_IF	24	static
../source/freetype/freetype_src/truetype/ttinterp.c:3147:3:Ins_ELSE	24	static
../source/freetype/freetype_src/truetype/ttinterp.c:3183:3:Ins_EIF	4	static
../source/freetype/freetype_src/truetype/ttinterp.c:3196:3:Ins_JMPR	16	static
../source/freetype/freetype_src/truetype/ttinterp.c:3231:3:Ins_JROT	16	static
../source/freetype/freetype_src/truetype/ttinterp.c:3246:3:Ins_JROF	16	static
../source/freetype/freetype_src/truetype/ttinterp.c:3268:3:Ins_FDEF	32	static
../source/freetype/freetype_src/truetype/ttinterp.c:3353:3:Ins_ENDF	24	static
../source/freetype/freetype_src/truetype/ttinterp.c:3397:3:Ins_CALL	32	static
../source/freetype/freetype_src/truetype/ttinterp.c:3476:3:Ins_LOOPCALL	32	static
../source/freetype/freetype_src/truetype/ttinterp.c:3558:3:Ins_IDEF	24	static
../source/freetype/freetype_src/truetype/ttinterp.c:3644:3:Ins_NPUSHB	32	static
../source/freetype/freetype_src/truetype/ttinterp.c:3686:3:Ins_NPUSHW	32	static
../source/freetype/freetype_src/truetype/ttinterp.c:3729:3:Ins_PUSHB	32	static
../source/freetype/freetype_src/truetype/ttinterp.c:3764:3:Ins_PUSHW	32	static
../source/freetype/freetype_src/truetype/ttinterp.c:3801:3:Ins_SxVTL	48	static
../source/freetype/freetype_src/truetype/ttinterp.c:3866:3:Ins_SxyTCA	24	static
../source/freetype/freetype_src/truetype/ttinterp.c:3902:3:Ins_SPVTL	16	static
../source/freetype/freetype_src/truetype/ttinterp.c:3923:3:Ins_SFVTL	16	static
../source/freetype/freetype_src/truetype/ttinterp.c:3943:3:Ins_SFVTPV	16	static
../source/freetype/freetype_src/truetype/ttinterp.c:3957:3:Ins_SPVFS	24	static
../source/freetype/freetype_src/truetype/ttinterp.c:3981:3:Ins_SFVFS	24	static
../source/freetype/freetype_src/truetype/ttinterp.c:4003:3:Ins_GPV	16	static
../source/freetype/freetype_src/truetype/ttinterp.c:4018:3:Ins_GFV	16	static
../source/freetype/freetype_src/truetype/ttinterp.c:4033:3:Ins_SRP0	16	static
../source/freetype/freetype_src/truetype/ttinterp.c:4047:3:Ins_SRP1	16	static
../source/freetype/freetype_src/truetype/ttinterp.c:4061:3:Ins_SRP2	16	static
../source/freetype/freetype_src/truetype/ttinterp.c:4075:3:Ins_SMD	16	static
../source/freetype/freetype_src/truetype/ttinterp.c:4089:3:Ins_SCVTCI	16	static
../source/freetype/freetype_src/truetype/ttinterp.c:4103:3:Ins_SSWCI	16	static
../source/freetype/freetype_src/truetype/ttinterp.c:4117:3:Ins_SSW	16	static
../source/freetype/freetype_src/truetype/ttinterp.c:4132:3:Ins_FLIPON	16	static
../source/freetype/freetype_src/truetype/ttinterp.c:4145:3:Ins_FLIPOFF	16	static
../source/freetype/freetype_src/truetype/ttinterp.c:4158:3:Ins_SANGW	4	static
../source/freetype/freetype_src/truetype/ttinterp.c:4171:3:Ins_SDB	16	static
../source/freetype/freetype_src/truetype/ttinterp.c:4185:3:Ins_SDS	16	static
../source/freetype/freetype_src/truetype/ttinterp.c:4202:3:Ins_RTHG	16	static
../source/freetype/freetype_src/truetype/ttinterp.c:4216:3:Ins_RTG	16	static
../source/freetype/freetype_src/truetype/ttinterp.c:4229:3:Ins_RTDG	16	static
../source/freetype/freetype_src/truetype/ttinterp.c:4242:3:Ins_RUTG	16	static
../source/freetype/freetype_src/truetype/ttinterp.c:4256:3:Ins_RDTG	16	static
../source/freetype/freetype_src/truetype/ttinterp.c:4270:3:Ins_ROFF	16	static
../source/freetype/freetype_src/truetype/ttinterp.c:4284:3:Ins_SROUND	16	static
../source/freetype/freetype_src/truetype/ttinterp.c:4301:3:Ins_S45ROUND	16	static
../source/freetype/freetype_src/truetype/ttinterp.c:4321:3:Ins_GC	24	static
../source/freetype/freetype_src/truetype/ttinterp.c:4359:3:Ins_SCFS	32	static
../source/freetype/freetype_src/truetype/ttinterp.c:4402:3:Ins_MD	56	static
../source/freetype/freetype_src/truetype/ttinterp.c:4472:3:Ins_SDPVTL	56	static
../source/freetype/freetype_src/truetype/ttinterp.c:4555:3:Ins_SZP0	24	static
../source/freetype/freetype_src/truetype/ttinterp.c:4585:3:Ins_SZP1	24	static
../source/freetype/freetype_src/truetype/ttinterp.c:4615:3:Ins_SZP2	24	static
../source/freetype/freetype_src/truetype/ttinterp.c:4645:3:Ins_SZPS	24	static
../source/freetype/freetype_src/truetype/ttinterp.c:4680:3:Ins_INSTCTRL	32	static
../source/freetype/freetype_src/truetype/ttinterp.c:4742:3:Ins_SCANCTRL	24	static
../source/freetype/freetype_src/truetype/ttinterp.c:4789:3:Ins_SCANTYPE	16	static
../source/freetype/freetype_src/truetype/ttinterp.c:4811:3:Ins_FLIPPT	24	static
../source/freetype/freetype_src/truetype/ttinterp.c:4861:3:Ins_FLIPRGON	24	static
../source/freetype/freetype_src/truetype/ttinterp.c:4896:3:Ins_FLIPRGOFF	24	static
../source/freetype/freetype_src/truetype/ttinterp.c:4925:3:Compute_Point_Displacement	72	static
../source/freetype/freetype_src/truetype/ttinterp.c:4969:3:Move_Zp2_Point	24	static
../source/freetype/freetype_src/truetype/ttinterp.c:5008:3:Ins_SHP	72	static
../source/freetype/freetype_src/truetype/ttinterp.c:5063:3:Ins_SHC	80	static
../source/freetype/freetype_src/truetype/ttinterp.c:5113:3:Ins_SHZ	72	static
../source/freetype/freetype_src/truetype/ttinterp.c:5161:3:Ins_SHPIX	48	static
../source/freetype/freetype_src/truetype/ttinterp.c:5230:3:Ins_MSIRP	32	static
../source/freetype/freetype_src/truetype/ttinterp.c:5278:3:Ins_MDAP	40	static
../source/freetype/freetype_src/truetype/ttinterp.c:5317:3:Ins_MIAP	48	static
../source/freetype/freetype_src/truetype/ttinterp.c:5401:3:Ins_MDRP	72	static
../source/freetype/freetype_src/truetype/ttinterp.c:5522:3:Ins_MIRP	64	static
../source/freetype/freetype_src/truetype/ttinterp.c:5675:3:Ins_ALIGNRP	40	static
../source/freetype/freetype_src/truetype/ttinterp.c:5732:3:Ins_ISECT	80	static
../source/freetype/freetype_src/truetype/ttinterp.c:5828:3:Ins_ALIGNPTS	32	static
../source/freetype/freetype_src/truetype/ttinterp.c:5863:3:Ins_IP	80	static
../source/freetype/freetype_src/truetype/ttinterp.c:6022:3:Ins_UTP	24	static
../source/freetype/freetype_src/truetype/ttinterp.c:6062:3:iup_worker_shift_	32	static
../source/freetype/freetype_src/truetype/ttinterp.c:6084:3:iup_worker_interpolate_	88	static
../source/freetype/freetype_src/truetype/ttinterp.c:6191:3:Ins_IUP	72	static
../source/freetype/freetype_src/truetype/ttinterp.c:6302:3:Ins_DELTAP	48	static
../source/freetype/freetype_src/truetype/ttinterp.c:6398:3:Ins_DELTAC	40	static
../source/freetype/freetype_src/truetype/ttinterp.c:6484:3:Ins_GETINFO	24	static
../source/freetype/freetype_src/truetype/ttinterp.c:6611:3:Ins_GETVARIATION	32	static
../source/freetype/freetype_src/truetype/ttinterp.c:6651:3:Ins_GETDATA	16	static
../source/freetype/freetype_src/truetype/ttinterp.c:6660:3:Ins_UNKNOWN	32	static
../source/freetype/freetype_src/truetype/ttinterp.c:6729:3:TT_RunIns	48	static
../source/freetype/freetype_src/truetype/ttinterp.c:7437:3:TT_Run_Context	32	static
