../source/freetype/freetype_src/truetype/../../freetype_include/freetype/internal/../internal/../internal/ftcalc.h:91:3:FT_MulFix_64	56	static
../source/freetype/freetype_src/truetype/ttobjs.c:70:3:tt_glyphzone_done	16	static
../source/freetype/freetype_src/truetype/ttobjs.c:106:3:tt_glyphzone_new	32	static
../source/freetype/freetype_src/truetype/ttobjs.c:142:3:tt_skip_pdffont_random_tag	16	static
../source/freetype/freetype_src/truetype/ttobjs.c:165:3:tt_check_trickyness_family	24	static
../source/freetype/freetype_src/truetype/ttobjs.c:243:3:tt_synth_sfnt_checksum	32	static
../source/freetype/freetype_src/truetype/ttobjs.c:272:3:tt_get_sfnt_checksum	24	static
../source/freetype/freetype_src/truetype/ttobjs.c:303:3:tt_check_trickyness_sfnt_ids	160	static
../source/freetype/freetype_src/truetype/ttobjs.c:541:3:tt_check_trickyness	16	static
../source/freetype/freetype_src/truetype/ttobjs.c:573:3:tt_check_single_notdef	56	static
../source/freetype/freetype_src/truetype/ttobjs.c:651:3:tt_face_init	64	static
../source/freetype/freetype_src/truetype/ttobjs.c:812:3:tt_face_done	32	static
../source/freetype/freetype_src/truetype/ttobjs.c:880:3:tt_size_run_fpgm	32	static
../source/freetype/freetype_src/truetype/ttobjs.c:939:3:tt_size_run_prep	40	static
../source/freetype/freetype_src/truetype/ttobjs.c:1007:3:tt_size_done_bytecode	24	static
../source/freetype/freetype_src/truetype/ttobjs.c:1030:3:tt_size_init_bytecode	48	static
../source/freetype/freetype_src/truetype/ttobjs.c:1128:3:tt_size_init	24	static
../source/freetype/freetype_src/truetype/ttobjs.c:1157:3:tt_size_done	16	static
../source/freetype/freetype_src/truetype/ttobjs.c:1185:3:tt_size_reset_height	32	static
../source/freetype/freetype_src/truetype/ttobjs.c:1225:3:tt_size_reset	32	static
../source/freetype/freetype_src/truetype/ttobjs.c:1302:3:tt_driver_init	24	static
../source/freetype/freetype_src/truetype/ttobjs.c:1337:3:tt_driver_done	16	static
../source/freetype/freetype_src/truetype/ttobjs.c:1359:3:tt_slot_init	16	static
