../source/freetype/freetype_src/psaux/afmparse.c:103:3:afm_stream_skip_spaces	24	static
../source/freetype/freetype_src/psaux/afmparse.c:131:3:afm_stream_read_one	24	static
../source/freetype/freetype_src/psaux/afmparse.c:172:3:afm_stream_read_string	24	static
../source/freetype/freetype_src/psaux/afmparse.c:381:3:afm_parser_read_vals	56	static
../source/freetype/freetype_src/psaux/afmparse.c:455:3:afm_parser_next_key	32	static
../source/freetype/freetype_src/psaux/afmparse.c:513:3:afm_tokenize	24	static
../source/freetype/freetype_src/psaux/afmparse.c:539:3:afm_parser_init	32	static
../source/freetype/freetype_src/psaux/afmparse.c:567:3:afm_parser_done	24	static
../source/freetype/freetype_src/psaux/afmparse.c:577:3:afm_parser_read_int	24	static
../source/freetype/freetype_src/psaux/afmparse.c:597:3:afm_parse_track_kern	104	static
../source/freetype/freetype_src/psaux/afmparse.c:719:3:afm_compare_kern_pairs	32	static
../source/freetype/freetype_src/psaux/afmparse.c:739:3:afm_parse_kern_pairs	104	static
../source/freetype/freetype_src/psaux/afmparse.c:876:3:afm_parse_kern_data	40	static
../source/freetype/freetype_src/psaux/afmparse.c:939:3:afm_parser_skip_section	40	static
../source/freetype/freetype_src/psaux/afmparse.c:969:3:afm_parser_parse	80	static
