../source/freetype/freetype_src/psaux/psft.c:65:3:cf2_checkTransform	24	static
../source/freetype/freetype_src/psaux/psft.c:91:3:cf2_setGlyphWidth	24	static
../source/freetype/freetype_src/psaux/psft.c:106:3:cf2_free_instance	24	static
../source/freetype/freetype_src/psaux/psft.c:130:3:cf2_builder_moveTo	24	static
../source/freetype/freetype_src/psaux/psft.c:152:3:cf2_builder_lineTo	32	static
../source/freetype/freetype_src/psaux/psft.c:196:3:cf2_builder_cubeTo	32	static
../source/freetype/freetype_src/psaux/psft.c:248:3:cf2_outline_init	24	static
../source/freetype/freetype_src/psaux/psft.c:265:3:cf2_getScaleAndHintFlag	24	static
../source/freetype/freetype_src/psaux/psft.c:296:3:cf2_getUnitsPerEm	16	static
../source/freetype/freetype_src/psaux/psft.c:306:3:cf2_decoder_parse_charstrings	120	static
../source/freetype/freetype_src/psaux/psft.c:446:3:cf2_getSubfont	16	static
../source/freetype/freetype_src/psaux/psft.c:456:3:cf2_getVStore	16	static
../source/freetype/freetype_src/psaux/psft.c:466:3:cf2_getMaxstack	16	static
../source/freetype/freetype_src/psaux/psft.c:480:3:cf2_getNormalizedVector	48	static
../source/freetype/freetype_src/psaux/psft.c:502:3:cf2_getPpemY	16	static
../source/freetype/freetype_src/psaux/psft.c:526:3:cf2_getStdVW	16	static
../source/freetype/freetype_src/psaux/psft.c:536:3:cf2_getStdHW	16	static
../source/freetype/freetype_src/psaux/psft.c:547:3:cf2_getBlueMetrics	24	static
../source/freetype/freetype_src/psaux/psft.c:567:3:cf2_getBlueValues	24	static
../source/freetype/freetype_src/psaux/psft.c:580:3:cf2_getOtherBlues	24	static
../source/freetype/freetype_src/psaux/psft.c:593:3:cf2_getFamilyBlues	24	static
../source/freetype/freetype_src/psaux/psft.c:606:3:cf2_getFamilyOtherBlues	24	static
../source/freetype/freetype_src/psaux/psft.c:619:3:cf2_getLanguageGroup	16	static
../source/freetype/freetype_src/psaux/psft.c:630:3:cf2_initGlobalRegionBuffer	32	static
../source/freetype/freetype_src/psaux/psft.c:658:3:cf2_getSeacComponent	48	static
../source/freetype/freetype_src/psaux/psft.c:706:3:cf2_freeSeacComponent	24	static
../source/freetype/freetype_src/psaux/psft.c:719:3:cf2_getT1SeacComponent	56	static
../source/freetype/freetype_src/psaux/psft.c:765:3:cf2_freeT1SeacComponent	32	static
../source/freetype/freetype_src/psaux/psft.c:796:3:cf2_initLocalRegionBuffer	32	static
../source/freetype/freetype_src/psaux/psft.c:848:3:cf2_getDefaultWidthX	16	static
../source/freetype/freetype_src/psaux/psft.c:858:3:cf2_getNominalWidthX	16	static
../source/freetype/freetype_src/psaux/psft.c:868:3:cf2_outline_reset	24	static
../source/freetype/freetype_src/psaux/psft.c:882:3:cf2_outline_close	24	static
