../source/freetype/freetype_src/psaux/../../freetype_include/freetype/internal/../internal/ftcalc.h:91:3:FT_MulFix_64	56	static
../source/freetype/freetype_src/psaux/pshints.c:69:3:cf2_getWindingMomentum	24	static
../source/freetype/freetype_src/psaux/pshints.c:90:3:cf2_hint_init	32	static
../source/freetype/freetype_src/psaux/pshints.c:211:3:cf2_hint_initZero	16	static
../source/freetype/freetype_src/psaux/pshints.c:218:3:cf2_hint_isValid	16	static
../source/freetype/freetype_src/psaux/pshints.c:225:3:cf2_hint_isPair	16	static
../source/freetype/freetype_src/psaux/pshints.c:232:3:cf2_hint_isPairTop	16	static
../source/freetype/freetype_src/psaux/pshints.c:239:3:cf2_hint_isTop	16	static
../source/freetype/freetype_src/psaux/pshints.c:246:3:cf2_hint_isBottom	16	static
../source/freetype/freetype_src/psaux/pshints.c:253:3:cf2_hint_isLocked	16	static
../source/freetype/freetype_src/psaux/pshints.c:260:3:cf2_hint_isSynthetic	16	static
../source/freetype/freetype_src/psaux/pshints.c:267:3:cf2_hint_lock	16	static
../source/freetype/freetype_src/psaux/pshints.c:274:3:cf2_hintmap_init	24	static
../source/freetype/freetype_src/psaux/pshints.c:293:3:cf2_hintmap_isValid	16	static
../source/freetype/freetype_src/psaux/pshints.c:300:3:cf2_hintmap_dump	16	static
../source/freetype/freetype_src/psaux/pshints.c:331:3:cf2_hintmap_map	24	static
../source/freetype/freetype_src/psaux/pshints.c:396:3:cf2_hintmap_adjustHints	104	static
../source/freetype/freetype_src/psaux/pshints.c:606:3:cf2_hintmap_insertHint	72	static
../source/freetype/freetype_src/psaux/pshints.c:814:3:cf2_hintmap_build	240	static
../source/freetype/freetype_src/psaux/pshints.c:1096:3:cf2_glyphpath_init	32	static
../source/freetype/freetype_src/psaux/pshints.c:1167:3:cf2_glyphpath_finalize	16	static
../source/freetype/freetype_src/psaux/pshints.c:1180:3:cf2_glyphpath_hintPoint	40	static
../source/freetype/freetype_src/psaux/pshints.c:1214:3:cf2_glyphpath_computeIntersection	64	static
../source/freetype/freetype_src/psaux/pshints.c:1334:3:cf2_glyphpath_pushPrevElem	88	static
../source/freetype/freetype_src/psaux/pshints.c:1498:3:cf2_glyphpath_pushMove	72	static
../source/freetype/freetype_src/psaux/pshints.c:1543:3:cf2_glyphpath_computeOffset	40	static
../source/freetype/freetype_src/psaux/pshints.c:1694:3:cf2_glyphpath_moveTo	40	static
../source/freetype/freetype_src/psaux/pshints.c:1724:3:cf2_glyphpath_lineTo	80	static
../source/freetype/freetype_src/psaux/pshints.c:1830:3:cf2_glyphpath_curveTo	96	static
../source/freetype/freetype_src/psaux/pshints.c:1920:3:cf2_glyphpath_closeOpenPath	24	static
