../source/freetype/freetype_src/psaux/psobjs.c:73:3:ps_table_new	48	static
../source/freetype/freetype_src/psaux/psobjs.c:102:3:ps_table_realloc	48	static
../source/freetype/freetype_src/psaux/psobjs.c:161:3:ps_table_add	40	static
../source/freetype/freetype_src/psaux/psobjs.c:226:3:ps_table_done	16	static
../source/freetype/freetype_src/psaux/psobjs.c:234:3:ps_table_release	24	static
../source/freetype/freetype_src/psaux/psobjs.c:261:3:skip_comment	24	static
../source/freetype/freetype_src/psaux/psobjs.c:279:3:skip_spaces	24	static
../source/freetype/freetype_src/psaux/psobjs.c:309:3:skip_literal_string	40	static
../source/freetype/freetype_src/psaux/psobjs.c:385:3:skip_string	24	static
../source/freetype/freetype_src/psaux/psobjs.c:424:3:skip_procedure	32	static
../source/freetype/freetype_src/psaux/psobjs.c:487:3:ps_parser_skip_PS_token	32	static
../source/freetype/freetype_src/psaux/psobjs.c:585:3:ps_parser_skip_spaces	16	static
../source/freetype/freetype_src/psaux/psobjs.c:595:3:ps_parser_to_token	32	static
../source/freetype/freetype_src/psaux/psobjs.c:698:3:ps_parser_to_token_array	72	static
../source/freetype/freetype_src/psaux/psobjs.c:751:3:ps_tocoordarray	48	static
../source/freetype/freetype_src/psaux/psobjs.c:830:3:ps_tofixedarray	56	static
../source/freetype/freetype_src/psaux/psobjs.c:966:3:ps_tobool	24	static
../source/freetype/freetype_src/psaux/psobjs.c:1002:3:ps_parser_load_field	152	static
../source/freetype/freetype_src/psaux/psobjs.c:1298:3:ps_parser_load_field_table	480	static
../source/freetype/freetype_src/psaux/psobjs.c:1375:3:ps_parser_to_int	16	static
../source/freetype/freetype_src/psaux/psobjs.c:1385:3:ps_parser_to_bytes	32	static
../source/freetype/freetype_src/psaux/psobjs.c:1438:3:ps_parser_to_fixed	16	static
../source/freetype/freetype_src/psaux/psobjs.c:1447:3:ps_parser_to_coord_array	24	static
../source/freetype/freetype_src/psaux/psobjs.c:1458:3:ps_parser_to_fixed_array	32	static
../source/freetype/freetype_src/psaux/psobjs.c:1488:3:ps_parser_init	32	static
../source/freetype/freetype_src/psaux/psobjs.c:1503:3:ps_parser_done	16	static
../source/freetype/freetype_src/psaux/psobjs.c:1543:3:t1_builder_init	40	static
../source/freetype/freetype_src/psaux/psobjs.c:1600:3:t1_builder_done	32	static
../source/freetype/freetype_src/psaux/psobjs.c:1612:3:t1_builder_check_points	16	static
../source/freetype/freetype_src/psaux/psobjs.c:1621:3:t1_builder_add_point	40	static
../source/freetype/freetype_src/psaux/psobjs.c:1645:3:t1_builder_add_point1	32	static
../source/freetype/freetype_src/psaux/psobjs.c:1662:3:t1_builder_add_contour	24	static
../source/freetype/freetype_src/psaux/psobjs.c:1696:3:t1_builder_start_point	32	static
../source/freetype/freetype_src/psaux/psobjs.c:1721:3:t1_builder_close_contour	40	static
../source/freetype/freetype_src/psaux/psobjs.c:1807:3:cff_builder_init	48	static
../source/freetype/freetype_src/psaux/psobjs.c:1873:3:cff_builder_done	32	static
../source/freetype/freetype_src/psaux/psobjs.c:1885:3:cff_check_points	16	static
../source/freetype/freetype_src/psaux/psobjs.c:1894:3:cff_builder_add_point	40	static
../source/freetype/freetype_src/psaux/psobjs.c:1932:3:cff_builder_add_point1	32	static
../source/freetype/freetype_src/psaux/psobjs.c:1949:3:cff_builder_add_contour	24	static
../source/freetype/freetype_src/psaux/psobjs.c:1976:3:cff_builder_start_point	32	static
../source/freetype/freetype_src/psaux/psobjs.c:1998:3:cff_builder_close_contour	40	static
../source/freetype/freetype_src/psaux/psobjs.c:2083:3:ps_builder_init	32	static
../source/freetype/freetype_src/psaux/psobjs.c:2160:3:ps_builder_done	32	static
../source/freetype/freetype_src/psaux/psobjs.c:2172:3:ps_builder_check_points	16	static
../source/freetype/freetype_src/psaux/psobjs.c:2181:3:ps_builder_add_point	40	static
../source/freetype/freetype_src/psaux/psobjs.c:2231:3:ps_builder_add_point1	32	static
../source/freetype/freetype_src/psaux/psobjs.c:2248:3:ps_builder_add_contour	24	static
../source/freetype/freetype_src/psaux/psobjs.c:2282:3:ps_builder_start_point	32	static
../source/freetype/freetype_src/psaux/psobjs.c:2304:3:ps_builder_close_contour	40	static
../source/freetype/freetype_src/psaux/psobjs.c:2385:3:ps_decoder_init	32	static
../source/freetype/freetype_src/psaux/psobjs.c:2452:3:t1_make_subfont	40	static
../source/freetype/freetype_src/psaux/psobjs.c:2538:3:t1_decrypt	32	static
../source/freetype/freetype_src/psaux/psobjs.c:2551:3:cff_random	16	static
