../source/freetype/freetype_src/psaux/t1cmap.c:35:3:t1_cmap_std_init	24	static
../source/freetype/freetype_src/psaux/t1cmap.c:53:3:t1_cmap_std_done	24	static
../source/freetype/freetype_src/psaux/t1cmap.c:66:3:t1_cmap_std_char_index	40	static
../source/freetype/freetype_src/psaux/t1cmap.c:103:3:t1_cmap_std_char_next	24	static
../source/freetype/freetype_src/psaux/t1cmap.c:127:3:t1_cmap_standard_init	24	static
../source/freetype/freetype_src/psaux/t1cmap.c:158:3:t1_cmap_expert_init	24	static
../source/freetype/freetype_src/psaux/t1cmap.c:197:3:t1_cmap_custom_init	32	static
../source/freetype/freetype_src/psaux/t1cmap.c:219:3:t1_cmap_custom_done	24	static
../source/freetype/freetype_src/psaux/t1cmap.c:231:3:t1_cmap_custom_char_index	24	static
../source/freetype/freetype_src/psaux/t1cmap.c:247:3:t1_cmap_custom_char_next	32	static
../source/freetype/freetype_src/psaux/t1cmap.c:302:3:psaux_get_glyph_name	24	static
../source/freetype/freetype_src/psaux/t1cmap.c:313:3:t1_cmap_unicode_init	48	static
../source/freetype/freetype_src/psaux/t1cmap.c:337:3:t1_cmap_unicode_done	32	static
../source/freetype/freetype_src/psaux/t1cmap.c:350:3:t1_cmap_unicode_char_index	32	static
../source/freetype/freetype_src/psaux/t1cmap.c:363:3:t1_cmap_unicode_char_next	32	static
